Component: ARM Compiler 5.06 update 6 (build 750) Tool: armlink [4d35ed]

==============================================================================

Section Cross References

    startup_stm32f103xb.o(STACK) refers (Special) to heapauxi.o(.text) for __use_two_region_memory
    startup_stm32f103xb.o(HEAP) refers (Special) to heapauxi.o(.text) for __use_two_region_memory
    startup_stm32f103xb.o(RESET) refers (Special) to heapauxi.o(.text) for __use_two_region_memory
    startup_stm32f103xb.o(RESET) refers to startup_stm32f103xb.o(STACK) for __initial_sp
    startup_stm32f103xb.o(RESET) refers to startup_stm32f103xb.o(.text) for Reset_Handler
    startup_stm32f103xb.o(RESET) refers to stm32f1xx_it.o(i.NMI_Handler) for NMI_Handler
    startup_stm32f103xb.o(RESET) refers to stm32f1xx_it.o(i.HardFault_Handler) for HardFault_Handler
    startup_stm32f103xb.o(RESET) refers to stm32f1xx_it.o(i.MemManage_Handler) for MemManage_Handler
    startup_stm32f103xb.o(RESET) refers to stm32f1xx_it.o(i.BusFault_Handler) for BusFault_Handler
    startup_stm32f103xb.o(RESET) refers to stm32f1xx_it.o(i.UsageFault_Handler) for UsageFault_Handler
    startup_stm32f103xb.o(RESET) refers to stm32f1xx_it.o(i.SVC_Handler) for SVC_Handler
    startup_stm32f103xb.o(RESET) refers to stm32f1xx_it.o(i.DebugMon_Handler) for DebugMon_Handler
    startup_stm32f103xb.o(RESET) refers to stm32f1xx_it.o(i.PendSV_Handler) for PendSV_Handler
    startup_stm32f103xb.o(RESET) refers to stm32f1xx_it.o(i.SysTick_Handler) for SysTick_Handler
    startup_stm32f103xb.o(RESET) refers to stm32f1xx_it.o(i.TIM2_IRQHandler) for TIM2_IRQHandler
    startup_stm32f103xb.o(.text) refers (Special) to heapauxi.o(.text) for __use_two_region_memory
    startup_stm32f103xb.o(.text) refers to system_stm32f1xx.o(i.SystemInit) for SystemInit
    startup_stm32f103xb.o(.text) refers to __main.o(!!!main) for __main
    startup_stm32f103xb.o(.text) refers to startup_stm32f103xb.o(HEAP) for Heap_Mem
    startup_stm32f103xb.o(.text) refers to startup_stm32f103xb.o(STACK) for Stack_Mem
    main.o(i.RTC_display) refers to stm32f1xx_hal_rtc.o(i.HAL_RTC_GetTime) for HAL_RTC_GetTime
    main.o(i.RTC_display) refers to stm32f1xx_hal_rtc.o(i.HAL_RTC_GetDate) for HAL_RTC_GetDate
    main.o(i.RTC_display) refers to oled.o(i.OLED_ShowNum) for OLED_ShowNum
    main.o(i.RTC_display) refers to oled.o(i.OLED_ShowStr) for OLED_ShowStr
    main.o(i.RTC_display) refers to main.o(.data) for .data
    main.o(i.RTC_display) refers to rtc.o(.bss) for hrtc
    main.o(i.SystemClock_Config) refers to rt_memclr_w.o(.text) for __aeabi_memclr4
    main.o(i.SystemClock_Config) refers to stm32f1xx_hal_rcc.o(i.HAL_RCC_OscConfig) for HAL_RCC_OscConfig
    main.o(i.SystemClock_Config) refers to stm32f1xx_hal_rcc.o(i.HAL_RCC_ClockConfig) for HAL_RCC_ClockConfig
    main.o(i.SystemClock_Config) refers to stm32f1xx_hal_rcc_ex.o(i.HAL_RCCEx_PeriphCLKConfig) for HAL_RCCEx_PeriphCLKConfig
    main.o(i.main) refers to oled.o(i.OLED_ShowStr) for OLED_ShowStr
    main.o(i.main) refers to stm32f1xx_hal.o(i.HAL_Init) for HAL_Init
    main.o(i.main) refers to main.o(i.SystemClock_Config) for SystemClock_Config
    main.o(i.main) refers to gpio.o(i.MX_GPIO_Init) for MX_GPIO_Init
    main.o(i.main) refers to i2c.o(i.MX_I2C2_Init) for MX_I2C2_Init
    main.o(i.main) refers to rtc.o(i.MX_RTC_Init) for MX_RTC_Init
    main.o(i.main) refers to tim.o(i.MX_TIM2_Init) for MX_TIM2_Init
    main.o(i.main) refers to oled.o(i.OLED_Init) for OLED_Init
    main.o(i.main) refers to oled.o(i.OLED_CLS) for OLED_CLS
    main.o(i.main) refers to stm32f1xx_hal_tim.o(i.HAL_TIM_PWM_Start) for HAL_TIM_PWM_Start
    main.o(i.main) refers to stm32f1xx_hal.o(i.HAL_Delay) for HAL_Delay
    main.o(i.main) refers to dht11.o(i.DHT11) for DHT11
    main.o(i.main) refers to oled.o(i.OLED_DrawGIF) for OLED_DrawGIF
    main.o(i.main) refers to tim.o(.bss) for htim2
    main.o(i.main) refers to main.o(.data) for .data
    gpio.o(i.MX_GPIO_Init) refers to stm32f1xx_hal_gpio.o(i.HAL_GPIO_WritePin) for HAL_GPIO_WritePin
    gpio.o(i.MX_GPIO_Init) refers to stm32f1xx_hal_gpio.o(i.HAL_GPIO_Init) for HAL_GPIO_Init
    i2c.o(i.HAL_I2C_MspDeInit) refers to stm32f1xx_hal_gpio.o(i.HAL_GPIO_DeInit) for HAL_GPIO_DeInit
    i2c.o(i.HAL_I2C_MspInit) refers to stm32f1xx_hal_gpio.o(i.HAL_GPIO_Init) for HAL_GPIO_Init
    i2c.o(i.MX_I2C2_Init) refers to stm32f1xx_hal_i2c.o(i.HAL_I2C_Init) for HAL_I2C_Init
    i2c.o(i.MX_I2C2_Init) refers to main.o(i.Error_Handler) for Error_Handler
    i2c.o(i.MX_I2C2_Init) refers to i2c.o(.bss) for .bss
    rtc.o(i.HAL_RTC_MspInit) refers to stm32f1xx_hal_pwr.o(i.HAL_PWR_EnableBkUpAccess) for HAL_PWR_EnableBkUpAccess
    rtc.o(i.MX_RTC_Init) refers to stm32f1xx_hal_rtc.o(i.HAL_RTC_Init) for HAL_RTC_Init
    rtc.o(i.MX_RTC_Init) refers to main.o(i.Error_Handler) for Error_Handler
    rtc.o(i.MX_RTC_Init) refers to stm32f1xx_hal_rtc.o(i.HAL_RTC_SetTime) for HAL_RTC_SetTime
[...]
    Removing stm32f1xx_hal_tim.o(i.HAL_TIM_OC_ConfigChannel), (76 bytes).
    Removing stm32f1xx_hal_tim.o(i.HAL_TIM_OC_DeInit), (92 bytes).
    Removing stm32f1xx_hal_tim.o(i.HAL_TIM_OC_GetState), (6 bytes).
    Removing stm32f1xx_hal_tim.o(i.HAL_TIM_OC_Init), (90 bytes).
    Removing stm32f1xx_hal_tim.o(i.HAL_TIM_OC_MspDeInit), (2 bytes).
    Removing stm32f1xx_hal_tim.o(i.HAL_TIM_OC_MspInit), (2 bytes).
    Removing stm32f1xx_hal_tim.o(i.HAL_TIM_OC_Start), (156 bytes).
    Removing stm32f1xx_hal_tim.o(i.HAL_TIM_OC_Start_DMA), (388 bytes).
    Removing stm32f1xx_hal_tim.o(i.HAL_TIM_OC_Start_IT), (196 bytes).
    Removing stm32f1xx_hal_tim.o(i.HAL_TIM_OC_Stop), (112 bytes).
    Removing stm32f1xx_hal_tim.o(i.HAL_TIM_OC_Stop_DMA), (184 bytes).
    Removing stm32f1xx_hal_tim.o(i.HAL_TIM_OC_Stop_IT), (164 bytes).
    Removing stm32f1xx_hal_tim.o(i.HAL_TIM_OnePulse_ConfigChannel), (218 bytes).
    Removing stm32f1xx_hal_tim.o(i.HAL_TIM_OnePulse_DeInit), (76 bytes).
    Removing stm32f1xx_hal_tim.o(i.HAL_TIM_OnePulse_GetState), (6 bytes).
    Removing stm32f1xx_hal_tim.o(i.HAL_TIM_OnePulse_Init), (86 bytes).
    Removing stm32f1xx_hal_tim.o(i.HAL_TIM_OnePulse_MspDeInit), (2 bytes).
    Removing stm32f1xx_hal_tim.o(i.HAL_TIM_OnePulse_MspInit), (2 bytes).
    Removing stm32f1xx_hal_tim.o(i.HAL_TIM_OnePulse_Start), (104 bytes).
    Removing stm32f1xx_hal_tim.o(i.HAL_TIM_OnePulse_Start_IT), (124 bytes).
    Removing stm32f1xx_hal_tim.o(i.HAL_TIM_OnePulse_Stop), (100 bytes).
    Removing stm32f1xx_hal_tim.o(i.HAL_TIM_OnePulse_Stop_IT), (120 bytes).
    Removing stm32f1xx_hal_tim.o(i.HAL_TIM_PWM_DeInit), (92 bytes).
    Removing stm32f1xx_hal_tim.o(i.HAL_TIM_PWM_GetState), (6 bytes).
    Removing stm32f1xx_hal_tim.o(i.HAL_TIM_PWM_MspDeInit), (2 bytes).
    Removing stm32f1xx_hal_tim.o(i.HAL_TIM_PWM_PulseFinishedHalfCpltCallback), (2 bytes).
    Removing stm32f1xx_hal_tim.o(i.HAL_TIM_PWM_Start_DMA), (388 bytes).
    Removing stm32f1xx_hal_tim.o(i.HAL_TIM_PWM_Start_IT), (196 bytes).
    Removing stm32f1xx_hal_tim.o(i.HAL_TIM_PWM_Stop), (112 bytes).
    Removing stm32f1xx_hal_tim.o(i.HAL_TIM_PWM_Stop_DMA), (184 bytes).
    Removing stm32f1xx_hal_tim.o(i.HAL_TIM_PWM_Stop_IT), (164 bytes).
    Removing stm32f1xx_hal_tim.o(i.HAL_TIM_PeriodElapsedHalfCpltCallback), (2 bytes).
    Removing stm32f1xx_hal_tim.o(i.HAL_TIM_ReadCapturedValue), (42 bytes).
    Removing stm32f1xx_hal_tim.o(i.HAL_TIM_SlaveConfigSynchro), (86 bytes).
    Removing stm32f1xx_hal_tim.o(i.HAL_TIM_SlaveConfigSynchro_IT), (86 bytes).
    Removing stm32f1xx_hal_tim.o(i.HAL_TIM_TriggerHalfCpltCallback), (2 bytes).
    Removing stm32f1xx_hal_tim.o(i.TIM_DMACaptureCplt), (110 bytes).
    Removing stm32f1xx_hal_tim.o(i.TIM_DMACaptureHalfCplt), (56 bytes).
    Removing stm32f1xx_hal_tim.o(i.TIM_DMADelayPulseCplt), (94 bytes).
    Removing stm32f1xx_hal_tim.o(i.TIM_DMADelayPulseHalfCplt), (56 bytes).
    Removing stm32f1xx_hal_tim.o(i.TIM_DMAError), (84 bytes).
    Removing stm32f1xx_hal_tim.o(i.TIM_DMAPeriodElapsedCplt), (22 bytes).
    Removing stm32f1xx_hal_tim.o(i.TIM_DMAPeriodElapsedHalfCplt), (10 bytes).
    Removing stm32f1xx_hal_tim.o(i.TIM_DMATriggerCplt), (22 bytes).
    Removing stm32f1xx_hal_tim.o(i.TIM_DMATriggerHalfCplt), (10 bytes).
    Removing stm32f1xx_hal_tim.o(i.TIM_SlaveTimer_SetConfig), (134 bytes).
    Removing stm32f1xx_hal_tim.o(i.TIM_TI1_SetConfig), (88 bytes).
    Removing stm32f1xx_hal_tim.o(i.TIM_TI2_SetConfig), (54 bytes).
    Removing stm32f1xx_hal_tim_ex.o(.rev16_text), (4 bytes).
    Removing stm32f1xx_hal_tim_ex.o(.revsh_text), (4 bytes).
    Removing stm32f1xx_hal_tim_ex.o(.rrx_text), (6 bytes).
    Removing stm32f1xx_hal_tim_ex.o(i.HAL_TIMEx_CommutHalfCpltCallback), (2 bytes).
    Removing stm32f1xx_hal_tim_ex.o(i.HAL_TIMEx_ConfigBreakDeadTime), (84 bytes).
    Removing stm32f1xx_hal_tim_ex.o(i.HAL_TIMEx_ConfigCommutEvent), (112 bytes).
    Removing stm32f1xx_hal_tim_ex.o(i.HAL_TIMEx_ConfigCommutEvent_DMA), (144 bytes).
    Removing stm32f1xx_hal_tim_ex.o(i.HAL_TIMEx_ConfigCommutEvent_IT), (112 bytes).
    Removing stm32f1xx_hal_tim_ex.o(i.HAL_TIMEx_GetChannelNState), (34 bytes).
    Removing stm32f1xx_hal_tim_ex.o(i.HAL_TIMEx_HallSensor_DeInit), (76 bytes).
    Removing stm32f1xx_hal_tim_ex.o(i.HAL_TIMEx_HallSensor_GetState), (6 bytes).
    Removing stm32f1xx_hal_tim_ex.o(i.HAL_TIMEx_HallSensor_Init), (208 bytes).
    Removing stm32f1xx_hal_tim_ex.o(i.HAL_TIMEx_HallSensor_MspDeInit), (2 bytes).
    Removing stm32f1xx_hal_tim_ex.o(i.HAL_TIMEx_HallSensor_MspInit), (2 bytes).
    Removing stm32f1xx_hal_tim_ex.o(i.HAL_TIMEx_HallSensor_Start), (128 bytes).
    Removing stm32f1xx_hal_tim_ex.o(i.HAL_TIMEx_HallSensor_Start_DMA), (184 bytes).
    Removing stm32f1xx_hal_tim_ex.o(i.HAL_TIMEx_HallSensor_Start_IT), (140 bytes).
    Removing stm32f1xx_hal_tim_ex.o(i.HAL_TIMEx_HallSensor_Stop), (58 bytes).
    Removing stm32f1xx_hal_tim_ex.o(i.HAL_TIMEx_HallSensor_Stop_DMA), (70 bytes).
    Removing stm32f1xx_hal_tim_ex.o(i.HAL_TIMEx_HallSensor_Stop_IT), (68 bytes).
    Removing stm32f1xx_hal_tim_ex.o(i.HAL_TIMEx_OCN_Start), (152 bytes).
    Removing stm32f1xx_hal_tim_ex.o(i.HAL_TIMEx_OCN_Start_DMA), (336 bytes).
    Removing stm32f1xx_hal_tim_ex.o(i.HAL_TIMEx_OCN_Start_IT), (188 bytes).
    Removing stm32f1xx_hal_tim_ex.o(i.HAL_TIMEx_OCN_Stop), (104 bytes).
    Removing stm32f1xx_hal_tim_ex.o(i.HAL_TIMEx_OCN_Stop_DMA), (158 bytes).
    Removing stm32f1xx_hal_tim_ex.o(i.HAL_TIMEx_OCN_Stop_IT), (160 bytes).
    Removing stm32f1xx_hal_tim_ex.o(i.HAL_TIMEx_OnePulseN_Start), (100 bytes).
    Removing stm32f1xx_hal_tim_ex.o(i.HAL_TIMEx_OnePulseN_Start_IT), (120 bytes).
    Removing stm32f1xx_hal_tim_ex.o(i.HAL_TIMEx_OnePulseN_Stop), (98 bytes).
    Removing stm32f1xx_hal_tim_ex.o(i.HAL_TIMEx_OnePulseN_Stop_IT), (120 bytes).
    Removing stm32f1xx_hal_tim_ex.o(i.HAL_TIMEx_PWMN_Start), (152 bytes).
    Removing stm32f1xx_hal_tim_ex.o(i.HAL_TIMEx_PWMN_Start_DMA), (336 bytes).
    Removing stm32f1xx_hal_tim_ex.o(i.HAL_TIMEx_PWMN_Start_IT), (188 bytes).
    Removing stm32f1xx_hal_tim_ex.o(i.HAL_TIMEx_PWMN_Stop), (104 bytes).
    Removing stm32f1xx_hal_tim_ex.o(i.HAL_TIMEx_PWMN_Stop_DMA), (158 bytes).
    Removing stm32f1xx_hal_tim_ex.o(i.HAL_TIMEx_PWMN_Stop_IT), (160 bytes).
    Removing stm32f1xx_hal_tim_ex.o(i.HAL_TIMEx_RemapConfig), (4 bytes).
    Removing stm32f1xx_hal_tim_ex.o(i.TIMEx_DMACommutationCplt), (16 bytes).
    Removing stm32f1xx_hal_tim_ex.o(i.TIMEx_DMACommutationHalfCplt), (16 bytes).
    Removing stm32f1xx_hal_tim_ex.o(i.TIM_CCxNChannelCmd), (26 bytes).
    Removing stm32f1xx_hal_tim_ex.o(i.TIM_DMADelayPulseNCplt), (94 bytes).
    Removing stm32f1xx_hal_tim_ex.o(i.TIM_DMAErrorCCxN), (62 bytes).
    Removing system_stm32f1xx.o(.rev16_text), (4 bytes).
    Removing system_stm32f1xx.o(.revsh_text), (4 bytes).
    Removing system_stm32f1xx.o(.rrx_text), (6 bytes).
    Removing system_stm32f1xx.o(i.SystemCoreClockUpdate), (104 bytes).
    Removing oled.o(.rev16_text), (4 bytes).
    Removing oled.o(.revsh_text), (4 bytes).
    Removing oled.o(.rrx_text), (6 bytes).
    Removing oled.o(i.OLED_DrawBMP), (62 bytes).
    Removing oled.o(i.OLED_OFF), (24 bytes).
    Removing oled.o(i.OLED_ON), (24 bytes).
    Removing dht11.o(.rev16_text), (4 bytes).
    Removing dht11.o(.revsh_text), (4 bytes).
    Removing dht11.o(.rrx_text), (6 bytes).
    Removing dht11.o(i.Coarse_delay_us), (28 bytes).

433 unused section(s) (total 49980 bytes) removed from the image.

==============================================================================

Image Symbol Table

    Local Symbols

    Symbol Name                              Value     Ov Type        Size  Object(Section)

    ../Core/Src/gpio.c                       0x00000000   Number         0  gpio.o ABSOLUTE
    ../Core/Src/i2c.c                        0x00000000   Number         0  i2c.o ABSOLUTE
    ../Core/Src/main.c                       0x00000000   Number         0  main.o ABSOLUTE
    ../Core/Src/rtc.c                        0x00000000   Number         0  rtc.o ABSOLUTE
    ../Core/Src/stm32f1xx_hal_msp.c          0x00000000   Number         0  stm32f1xx_hal_msp.o ABSOLUTE
    ../Core/Src/stm32f1xx_it.c               0x00000000   Number         0  stm32f1xx_it.o ABSOLUTE
    ../Core/Src/system_stm32f1xx.c           0x00000000   Number         0  system_stm32f1xx.o ABSOLUTE
    ../Core/Src/tim.c                        0x00000000   Number         0  tim.o ABSOLUTE
    ../Drivers/STM32F1xx_HAL_Driver/Src/stm32f1xx_hal.c 0x00000000   Number         0  stm32f1xx_hal.o ABSOLUTE
    ../Drivers/STM32F1xx_HAL_Driver/Src/stm32f1xx_hal_cortex.c 0x00000000   Number         0  stm32f1xx_hal_cortex.o ABSOLUTE
    ../Drivers/STM32F1xx_HAL_Driver/Src/stm32f1xx_hal_dma.c 0x00000000   Number         0  stm32f1xx_hal_dma.o ABSOLUTE
    ../Drivers/STM32F1xx_HAL_Driver/Src/stm32f1xx_hal_exti.c 0x00000000   Number         0  stm32f1xx_hal_exti.o ABSOLUTE
    ../Drivers/STM32F1xx_HAL_Driver/Src/stm32f1xx_hal_flash.c 0x00000000   Number         0  stm32f1xx_hal_flash.o ABSOLUTE
    ../Drivers/STM32F1xx_HAL_Driver/Src/stm32f1xx_hal_flash_ex.c 0x00000000   Number         0  stm32f1xx_hal_flash_ex.o ABSOLUTE
    ../Drivers/STM32F1xx_HAL_Driver/Src/stm32f1xx_hal_gpio.c 0x00000000   Number         0  stm32f1xx_hal_gpio.o ABSOLUTE
    ../Drivers/STM32F1xx_HAL_Driver/Src/stm32f1xx_hal_gpio_ex.c 0x00000000   Number         0  stm32f1xx_hal_gpio_ex.o ABSOLUTE
    ../Drivers/STM32F1xx_HAL_Driver/Src/stm32f1xx_hal_i2c.c 0x00000000   Number         0  stm32f1xx_hal_i2c.o ABSOLUTE
    ../Drivers/STM32F1xx_HAL_Driver/Src/stm32f1xx_hal_pwr.c 0x00000000   Number         0  stm32f1xx_hal_pwr.o ABSOLUTE
    ../Drivers/STM32F1xx_HAL_Driver/Src/stm32f1xx_hal_rcc.c 0x00000000   Number         0  stm32f1xx_hal_rcc.o ABSOLUTE
    ../Drivers/STM32F1xx_HAL_Driver/Src/stm32f1xx_hal_rcc_ex.c 0x00000000   Number         0  stm32f1xx_hal_rcc_ex.o ABSOLUTE
    ../Drivers/STM32F1xx_HAL_Driver/Src/stm32f1xx_hal_rtc.c 0x00000000   Number         0  stm32f1xx_hal_rtc.o ABSOLUTE
    ../Drivers/STM32F1xx_HAL_Driver/Src/stm32f1xx_hal_rtc_ex.c 0x00000000   Number         0  stm32f1xx_hal_rtc_ex.o ABSOLUTE
    ../Drivers/STM32F1xx_HAL_Driver/Src/stm32f1xx_hal_tim.c 0x00000000   Number         0  stm32f1xx_hal_tim.o ABSOLUTE
    ../Drivers/STM32F1xx_HAL_Driver/Src/stm32f1xx_hal_tim_ex.c 0x00000000   Number         0  stm32f1xx_hal_tim_ex.o ABSOLUTE
    ../clib/angel/boardlib.s                 0x00000000   Number         0  boardinit1.o ABSOLUTE
    ../clib/angel/boardlib.s                 0x00000000   Number         0  boardinit2.o ABSOLUTE
    ../clib/angel/boardlib.s                 0x00000000   Number         0  boardinit3.o ABSOLUTE
    ../clib/angel/boardlib.s                 0x00000000   Number         0  boardshut.o ABSOLUTE
    ../clib/angel/dczerorl2.s                0x00000000   Number         0  __dczerorl2.o ABSOLUTE
    ../clib/angel/handlers.s                 0x00000000   Number         0  __scatter_zi.o ABSOLUTE
    ../clib/angel/kernel.s                   0x00000000   Number         0  rtexit2.o ABSOLUTE
    ../clib/angel/kernel.s                   0x00000000   Number         0  __rtentry2.o ABSOLUTE
    ../clib/angel/kernel.s                   0x00000000   Number         0  __rtentry4.o ABSOLUTE
    ../clib/angel/kernel.s                   0x00000000   Number         0  rtexit.o ABSOLUTE
    ../clib/angel/kernel.s                   0x00000000   Number         0  __rtentry.o ABSOLUTE
    ../clib/angel/rt.s                       0x00000000   Number         0  rt_raise.o ABSOLUTE
    ../clib/angel/scatter.s                  0x00000000   Number         0  __scatter.o ABSOLUTE
    ../clib/angel/startup.s                  0x00000000   Number         0  __main.o ABSOLUTE
    ../clib/angel/sys.s                      0x00000000   Number         0  use_no_semi.o ABSOLUTE
    ../clib/angel/sys.s                      0x00000000   Number         0  indicate_semi.o ABSOLUTE
    ../clib/angel/sys.s                      0x00000000   Number         0  libspace.o ABSOLUTE
    ../clib/angel/sys.s                      0x00000000   Number         0  sys_stackheap_outer.o ABSOLUTE
    ../clib/angel/sysapp.c                   0x00000000   Number         0  sys_command.o ABSOLUTE
    ../clib/angel/sysapp.c                   0x00000000   Number         0  sys_exit.o ABSOLUTE
    ../clib/angel/sysapp.c                   0x00000000   Number         0  sys_wrch.o ABSOLUTE
    ../clib/armsys.c                         0x00000000   Number         0  no_argv.o ABSOLUTE
    ../clib/armsys.c                         0x00000000   Number         0  _get_argv_nomalloc.o ABSOLUTE
    ../clib/armsys.c                         0x00000000   Number         0  argv_veneer.o ABSOLUTE
    ../clib/armsys.c                         0x00000000   Number         0  argv_veneer.o ABSOLUTE
    ../clib/heapalloc.c                      0x00000000   Number         0  hrguard.o ABSOLUTE
    ../clib/heapaux.c                        0x00000000   Number         0  heapauxi.o ABSOLUTE
    ../clib/libinit.s                        0x00000000   Number         0  libinit.o ABSOLUTE
    ../clib/libinit.s                        0x00000000   Number         0  libshutdown.o ABSOLUTE
    ../clib/libinit.s                        0x00000000   Number         0  libshutdown2.o ABSOLUTE
    ../clib/libinit.s                        0x00000000   Number         0  libinit2.o ABSOLUTE
    ../clib/longlong.s                       0x00000000   Number         0  llushr.o ABSOLUTE
    ../clib/memcpset.s                       0x00000000   Number         0  rt_memclr_w.o ABSOLUTE
    ../clib/signal.c                         0x00000000   Number         0  defsig_other.o ABSOLUTE
    ../clib/signal.c                         0x00000000   Number         0  __raise.o ABSOLUTE
    ../clib/signal.c                         0x00000000   Number         0  defsig_abrt_inner.o ABSOLUTE
    ../clib/signal.c                         0x00000000   Number         0  defsig_fpe_inner.o ABSOLUTE
    ../clib/signal.c                         0x00000000   Number         0  defsig_rtmem_outer.o ABSOLUTE
    ../clib/signal.c                         0x00000000   Number         0  defsig_general.o ABSOLUTE
    ../clib/signal.c                         0x00000000   Number         0  defsig_rtred_inner.o ABSOLUTE
    ../clib/signal.c                         0x00000000   Number         0  defsig_stak_inner.o ABSOLUTE
    ../clib/signal.c                         0x00000000   Number         0  defsig_pvfn_inner.o ABSOLUTE
    ../clib/signal.c                         0x00000000   Number         0  defsig_rtmem_formal.o ABSOLUTE
    ../clib/signal.c                         0x00000000   Number         0  defsig_exit.o ABSOLUTE
    ../clib/signal.c                         0x00000000   Number         0  defsig_cppl_inner.o ABSOLUTE
    ../clib/signal.c                         0x00000000   Number         0  defsig_segv_inner.o ABSOLUTE
    ../clib/signal.c                         0x00000000   Number         0  defsig_rtmem_inner.o ABSOLUTE
    ../clib/signal.s                         0x00000000   Number         0  defsig.o ABSOLUTE
    ../clib/stdlib.c                         0x00000000   Number         0  exit.o ABSOLUTE
    ../fplib/fpinit.s                        0x00000000   Number         0  fpinit.o ABSOLUTE
    ..\..\..\DHT11(RTC)\HARDWARE\DHT11.c     0x00000000   Number         0  dht11.o ABSOLUTE
    ..\..\..\DHT11(RTC)\HARDWARE\oled.c      0x00000000   Number         0  oled.o ABSOLUTE
    ..\Core\Src\gpio.c                       0x00000000   Number         0  gpio.o ABSOLUTE
    ..\Core\Src\i2c.c                        0x00000000   Number         0  i2c.o ABSOLUTE
    ..\Core\Src\main.c                       0x00000000   Number         0  main.o ABSOLUTE
    ..\Core\Src\rtc.c                        0x00000000   Number         0  rtc.o ABSOLUTE
    ..\Core\Src\stm32f1xx_hal_msp.c          0x00000000   Number         0  stm32f1xx_hal_msp.o ABSOLUTE
    ..\Core\Src\stm32f1xx_it.c               0x00000000   Number         0  stm32f1xx_it.o ABSOLUTE
    ..\Core\Src\system_stm32f1xx.c           0x00000000   Number         0  system_stm32f1xx.o ABSOLUTE
    ..\Core\Src\tim.c                        0x00000000   Number         0  tim.o ABSOLUTE
    ..\Drivers\STM32F1xx_HAL_Driver\Src\stm32f1xx_hal.c 0x00000000   Number         0  stm32f1xx_hal.o ABSOLUTE
    ..\Drivers\STM32F1xx_HAL_Driver\Src\stm32f1xx_hal_cortex.c 0x00000000   Number         0  stm32f1xx_hal_cortex.o ABSOLUTE
    ..\Drivers\STM32F1xx_HAL_Driver\Src\stm32f1xx_hal_dma.c 0x00000000   Number         0  stm32f1xx_hal_dma.o ABSOLUTE
    ..\Drivers\STM32F1xx_HAL_Driver\Src\stm32f1xx_hal_exti.c 0x00000000   Number         0  stm32f1xx_hal_exti.o ABSOLUTE
    ..\Drivers\STM32F1xx_HAL_Driver\Src\stm32f1xx_hal_flash.c 0x00000000   Number         0  stm32f1xx_hal_flash.o ABSOLUTE
    ..\Drivers\STM32F1xx_HAL_Driver\Src\stm32f1xx_hal_flash_ex.c 0x00000000   Number         0  stm32f1xx_hal_flash_ex.o ABSOLUTE
    ..\Drivers\STM32F1xx_HAL_Driver\Src\stm32f1xx_hal_gpio.c 0x00000000   Number         0  stm32f1xx_hal_gpio.o ABSOLUTE
    ..\Drivers\STM32F1xx_HAL_Driver\Src\stm32f1xx_hal_gpio_ex.c 0x00000000   Number         0  stm32f1xx_hal_gpio_ex.o ABSOLUTE
    ..\Drivers\STM32F1xx_HAL_Driver\Src\stm32f1xx_hal_i2c.c 0x00000000   Number         0  stm32f1xx_hal_i2c.o ABSOLUTE
    ..\Drivers\STM32F1xx_HAL_Driver\Src\stm32f1xx_hal_pwr.c 0x00000000   Number         0  stm32f1xx_hal_pwr.o ABSOLUTE
    ..\Drivers\STM32F1xx_HAL_Driver\Src\stm32f1xx_hal_rcc.c 0x00000000   Number         0  stm32f1xx_hal_rcc.o ABSOLUTE
    ..\Drivers\STM32F1xx_HAL_Driver\Src\stm32f1xx_hal_rcc_ex.c 0x00000000   Number         0  stm32f1xx_hal_rcc_ex.o ABSOLUTE
    ..\Drivers\STM32F1xx_HAL_Driver\Src\stm32f1xx_hal_rtc.c 0x00000000   Number         0  stm32f1xx_hal_rtc.o ABSOLUTE
    ..\Drivers\STM32F1xx_HAL_Driver\Src\stm32f1xx_hal_rtc_ex.c 0x00000000   Number         0  stm32f1xx_hal_rtc_ex.o ABSOLUTE
    ..\Drivers\STM32F1xx_HAL_Driver\Src\stm32f1xx_hal_tim.c 0x00000000   Number         0  stm32f1xx_hal_tim.o ABSOLUTE
    ..\Drivers\STM32F1xx_HAL_Driver\Src\stm32f1xx_hal_tim_ex.c 0x00000000   Number         0  stm32f1xx_hal_tim_ex.o ABSOLUTE
    ..\\..\\..\\DHT11(RTC)\\HARDWARE\\DHT11.c 0x00000000   Number         0  dht11.o ABSOLUTE
    ..\\..\\..\\DHT11(RTC)\\HARDWARE\\oled.c 0x00000000   Number         0  oled.o ABSOLUTE
    dc.s                                     0x00000000   Number         0  dc.o ABSOLUTE
    startup_stm32f103xb.s                    0x00000000   Number         0  startup_stm32f103xb.o ABSOLUTE
    RESET                                    0x08000000   Section      236  startup_stm32f103xb.o(RESET)
    !!!main                                  0x080000ec   Section        8  __main.o(!!!main)
    !!!scatter                               0x080000f4   Section       52  __scatter.o(!!!scatter)
    !!dczerorl2                              0x08000128   Section       90  __dczerorl2.o(!!dczerorl2)
    !!handler_zi                             0x08000184   Section       28  __scatter_zi.o(!!handler_zi)
    .ARM.Collect$$libinit$$00000000          0x080001a0   Section        2  libinit.o(.ARM.Collect$$libinit$$00000000)
    .ARM.Collect$$libinit$$00000002          0x080001a2   Section        0  libinit2.o(.ARM.Collect$$libinit$$00000002)
    .ARM.Collect$$libinit$$00000004          0x080001a2   Section        0  libinit2.o(.ARM.Collect$$libinit$$00000004)
    .ARM.Collect$$libinit$$0000000A          0x080001a2   Section        0  libinit2.o(.ARM.Collect$$libinit$$0000000A)
    .ARM.Collect$$libinit$$0000000C          0x080001a2   Section        0  libinit2.o(.ARM.Collect$$libinit$$0000000C)
    .ARM.Collect$$libinit$$0000000E          0x080001a2   Section        0  libinit2.o(.ARM.Collect$$libinit$$0000000E)
    .ARM.Collect$$libinit$$00000011          0x080001a2   Section        0  libinit2.o(.ARM.Collect$$libinit$$00000011)
    .ARM.Collect$$libinit$$00000013          0x080001a2   Section        0  libinit2.o(.ARM.Collect$$libinit$$00000013)
    .ARM.Collect$$libinit$$00000015          0x080001a2   Section        0  libinit2.o(.ARM.Collect$$libinit$$00000015)
    .ARM.Collect$$libinit$$00000017          0x080001a2   Section        0  libinit2.o(.ARM.Collect$$libinit$$00000017)
    .ARM.Collect$$libinit$$00000019          0x080001a2   Section        0  libinit2.o(.ARM.Collect$$libinit$$00000019)
    .ARM.Collect$$libinit$$0000001B          0x080001a2   Section        0  libinit2.o(.ARM.Collect$$libinit$$0000001B)
    .ARM.Collect$$libinit$$0000001D          0x080001a2   Section        0  libinit2.o(.ARM.Collect$$libinit$$0000001D)
    .ARM.Collect$$libinit$$0000001F          0x080001a2   Section        0  libinit2.o(.ARM.Collect$$libinit$$0000001F)
    .ARM.Collect$$libinit$$00000021          0x080001a2   Section        0  libinit2.o(.ARM.Collect$$libinit$$00000021)
    .ARM.Collect$$libinit$$00000023          0x080001a2   Section        0  libinit2.o(.ARM.Collect$$libinit$$00000023)
    .ARM.Collect$$libinit$$00000025          0x080001a2   Section        0  libinit2.o(.ARM.Collect$$libinit$$00000025)
    .ARM.Collect$$libinit$$0000002C          0x080001a2   Section        0  libinit2.o(.ARM.Collect$$libinit$$0000002C)
    .ARM.Collect$$libinit$$0000002E          0x080001a2   Section        0  libinit2.o(.ARM.Collect$$libinit$$0000002E)
    .ARM.Collect$$libinit$$00000030          0x080001a2   Section        0  libinit2.o(.ARM.Collect$$libinit$$00000030)
    .ARM.Collect$$libinit$$00000032          0x080001a2   Section        0  libinit2.o(.ARM.Collect$$libinit$$00000032)
    .ARM.Collect$$libinit$$00000033          0x080001a2   Section        2  libinit2.o(.ARM.Collect$$libinit$$00000033)
    .ARM.Collect$$libshutdown$$00000000      0x080001a4   Section        2  libshutdown.o(.ARM.Collect$$libshutdown$$00000000)
    .ARM.Collect$$libshutdown$$00000002      0x080001a6   Section        0  libshutdown2.o(.ARM.Collect$$libshutdown$$00000002)
    .ARM.Collect$$libshutdown$$00000004      0x080001a6   Section        0  libshutdown2.o(.ARM.Collect$$libshutdown$$00000004)
    .ARM.Collect$$libshutdown$$00000007      0x080001a6   Section        0  libshutdown2.o(.ARM.Collect$$libshutdown$$00000007)
    .ARM.Collect$$libshutdown$$0000000A      0x080001a6   Section        0  libshutdown2.o(.ARM.Collect$$libshutdown$$0000000A)
    .ARM.Collect$$libshutdown$$0000000C      0x080001a6   Section        0  libshutdown2.o(.ARM.Collect$$libshutdown$$0000000C)
    .ARM.Collect$$libshutdown$$0000000F      0x080001a6   Section        0  libshutdown2.o(.ARM.Collect$$libshutdown$$0000000F)
    .ARM.Collect$$libshutdown$$00000010      0x080001a6   Section        2  libshutdown2.o(.ARM.Collect$$libshutdown$$00000010)
    .ARM.Collect$$rtentry$$00000000          0x080001a8   Section        0  __rtentry.o(.ARM.Collect$$rtentry$$00000000)
    .ARM.Collect$$rtentry$$00000002          0x080001a8   Section        0  __rtentry2.o(.ARM.Collect$$rtentry$$00000002)
    .ARM.Collect$$rtentry$$00000004          0x080001a8   Section        6  __rtentry4.o(.ARM.Collect$$rtentry$$00000004)
    .ARM.Collect$$rtentry$$00000009          0x080001ae   Section        0  __rtentry2.o(.ARM.Collect$$rtentry$$00000009)
    .ARM.Collect$$rtentry$$0000000A          0x080001ae   Section        4  __rtentry2.o(.ARM.Collect$$rtentry$$0000000A)
    .ARM.Collect$$rtentry$$0000000C          0x080001b2   Section        0  __rtentry2.o(.ARM.Collect$$rtentry$$0000000C)
    .ARM.Collect$$rtentry$$0000000D          0x080001b2   Section        8  __rtentry2.o(.ARM.Collect$$rtentry$$0000000D)
    .ARM.Collect$$rtexit$$00000000           0x080001ba   Section        2  rtexit.o(.ARM.Collect$$rtexit$$00000000)
    .ARM.Collect$$rtexit$$00000002           0x080001bc   Section        0  rtexit2.o(.ARM.Collect$$rtexit$$00000002)
    .ARM.Collect$$rtexit$$00000003           0x080001bc   Section        4  rtexit2.o(.ARM.Collect$$rtexit$$00000003)
    .ARM.Collect$$rtexit$$00000004           0x080001c0   Section        6  rtexit2.o(.ARM.Collect$$rtexit$$00000004)
    .text                                    0x080001c8   Section       64  startup_stm32f103xb.o(.text)
    .text                                    0x08000208   Section       78  rt_memclr_w.o(.text)
    .text                                    0x08000256   Section        0  heapauxi.o(.text)
    .text                                    0x0800025c   Section       74  sys_stackheap_outer.o(.text)
    .text                                    0x080002a6   Section        0  exit.o(.text)
    .text                                    0x080002b8   Section        8  libspace.o(.text)
    .text                                    0x080002c0   Section        0  sys_exit.o(.text)
    .text                                    0x080002cc   Section        2  use_no_semi.o(.text)
    .text                                    0x080002ce   Section        0  indicate_semi.o(.text)
    i.BusFault_Handler                       0x080002ce   Section        0  stm32f1xx_it.o(i.BusFault_Handler)
    i.DHT11                                  0x080002d0   Section        0  dht11.o(i.DHT11)
    i.DHT11_Check                            0x080002e0   Section        0  dht11.o(i.DHT11_Check)
    i.DHT11_GPIO_MODE_SET                    0x08000300   Section        0  dht11.o(i.DHT11_GPIO_MODE_SET)
    DHT11_GPIO_MODE_SET                      0x08000301   Thumb Code    42  dht11.o(i.DHT11_GPIO_MODE_SET)
    i.DHT11_READ_BIT                         0x08000330   Section        0  dht11.o(i.DHT11_READ_BIT)
    i.DHT11_READ_BYTE                        0x0800036c   Section        0  dht11.o(i.DHT11_READ_BYTE)
    i.DHT11_READ_DATA                        0x0800038c   Section        0  dht11.o(i.DHT11_READ_DATA)
    i.DHT11_START                            0x080004bc   Section        0  dht11.o(i.DHT11_START)
    i.DebugMon_Handler                       0x080004e4   Section        0  stm32f1xx_it.o(i.DebugMon_Handler)
    i.Error_Handler                          0x080004e6   Section        0  main.o(i.Error_Handler)
    i.HAL_Delay                              0x080004ec   Section        0  stm32f1xx_hal.o(i.HAL_Delay)
    i.HAL_GPIO_Init                          0x08000510   Section        0  stm32f1xx_hal_gpio.o(i.HAL_GPIO_Init)
    i.HAL_GPIO_ReadPin                       0x080006f0   Section        0  stm32f1xx_hal_gpio.o(i.HAL_GPIO_ReadPin)
    i.HAL_GPIO_WritePin                      0x080006fa   Section        0  stm32f1xx_hal_gpio.o(i.HAL_GPIO_WritePin)
    i.HAL_GetTick                            0x08000704   Section        0  stm32f1xx_hal.o(i.HAL_GetTick)
    i.HAL_I2C_Init                           0x08000710   Section        0  stm32f1xx_hal_i2c.o(i.HAL_I2C_Init)
    i.HAL_I2C_Mem_Write                      0x08000898   Section        0  stm32f1xx_hal_i2c.o(i.HAL_I2C_Mem_Write)
    i.HAL_I2C_MspInit                        0x080009c8   Section        0  i2c.o(i.HAL_I2C_MspInit)
    i.HAL_IncTick                            0x08000a28   Section        0  stm32f1xx_hal.o(i.HAL_IncTick)
    i.HAL_Init                               0x08000a38   Section        0  stm32f1xx_hal.o(i.HAL_Init)
    i.HAL_InitTick                           0x08000a5c   Section        0  stm32f1xx_hal.o(i.HAL_InitTick)
    i.HAL_MspInit                            0x08000a9c   Section        0  stm32f1xx_hal_msp.o(i.HAL_MspInit)
    i.HAL_NVIC_EnableIRQ                     0x08000ad8   Section        0  stm32f1xx_hal_cortex.o(i.HAL_NVIC_EnableIRQ)
    i.HAL_NVIC_SetPriority                   0x08000af4   Section        0  stm32f1xx_hal_cortex.o(i.HAL_NVIC_SetPriority)
    i.HAL_NVIC_SetPriorityGrouping           0x08000b34   Section        0  stm32f1xx_hal_cortex.o(i.HAL_NVIC_SetPriorityGrouping)
    i.HAL_PWR_EnableBkUpAccess               0x08000b58   Section        0  stm32f1xx_hal_pwr.o(i.HAL_PWR_EnableBkUpAccess)
    i.HAL_RCCEx_GetPeriphCLKFreq             0x08000b64   Section        0  stm32f1xx_hal_rcc_ex.o(i.HAL_RCCEx_GetPeriphCLKFreq)
    i.HAL_RCCEx_PeriphCLKConfig              0x08000c2c   Section        0  stm32f1xx_hal_rcc_ex.o(i.HAL_RCCEx_PeriphCLKConfig)
    i.HAL_RCC_ClockConfig                    0x08000d18   Section        0  stm32f1xx_hal_rcc.o(i.HAL_RCC_ClockConfig)
    i.HAL_RCC_GetPCLK1Freq                   0x08000e44   Section        0  stm32f1xx_hal_rcc.o(i.HAL_RCC_GetPCLK1Freq)
    i.HAL_RCC_GetPCLK2Freq                   0x08000e64   Section        0  stm32f1xx_hal_rcc.o(i.HAL_RCC_GetPCLK2Freq)
    i.HAL_RCC_GetSysClockFreq                0x08000e84   Section        0  stm32f1xx_hal_rcc.o(i.HAL_RCC_GetSysClockFreq)
    i.HAL_RCC_OscConfig                      0x08000ef0   Section        0  stm32f1xx_hal_rcc.o(i.HAL_RCC_OscConfig)
    i.HAL_RTC_Init                           0x08001210   Section        0  stm32f1xx_hal_rtc.o(i.HAL_RTC_Init)
    i.HAL_RTC_MspInit                        0x080012b0   Section        0  rtc.o(i.HAL_RTC_MspInit)
    i.HAL_RTC_SetDate                        0x080012e4   Section        0  stm32f1xx_hal_rtc.o(i.HAL_RTC_SetDate)
    i.HAL_RTC_SetTime                        0x080013a8   Section        0  stm32f1xx_hal_rtc.o(i.HAL_RTC_SetTime)
    i.HAL_RTC_WaitForSynchro                 0x08001454   Section        0  stm32f1xx_hal_rtc.o(i.HAL_RTC_WaitForSynchro)
    i.HAL_SYSTICK_Config                     0x0800148e   Section        0  stm32f1xx_hal_cortex.o(i.HAL_SYSTICK_Config)
    i.HAL_TIMEx_BreakCallback                0x080014b6   Section        0  stm32f1xx_hal_tim_ex.o(i.HAL_TIMEx_BreakCallback)
    i.HAL_TIMEx_CommutCallback               0x080014b8   Section        0  stm32f1xx_hal_tim_ex.o(i.HAL_TIMEx_CommutCallback)
    i.HAL_TIMEx_MasterConfigSynchronization  0x080014bc   Section        0  stm32f1xx_hal_tim_ex.o(i.HAL_TIMEx_MasterConfigSynchronization)
    i.HAL_TIM_Base_Init                      0x08001524   Section        0  stm32f1xx_hal_tim.o(i.HAL_TIM_Base_Init)
    i.HAL_TIM_Base_MspInit                   0x08001580   Section        0  tim.o(i.HAL_TIM_Base_MspInit)
    i.HAL_TIM_ConfigClockSource              0x080015b8   Section        0  stm32f1xx_hal_tim.o(i.HAL_TIM_ConfigClockSource)
    i.HAL_TIM_IC_CaptureCallback             0x0800168e   Section        0  stm32f1xx_hal_tim.o(i.HAL_TIM_IC_CaptureCallback)
    i.HAL_TIM_IRQHandler                     0x08001690   Section        0  stm32f1xx_hal_tim.o(i.HAL_TIM_IRQHandler)
    i.HAL_TIM_MspPostInit                    0x080017f8   Section        0  tim.o(i.HAL_TIM_MspPostInit)
    i.HAL_TIM_OC_DelayElapsedCallback        0x08001840   Section        0  stm32f1xx_hal_tim.o(i.HAL_TIM_OC_DelayElapsedCallback)
    i.HAL_TIM_PWM_ConfigChannel              0x08001842   Section        0  stm32f1xx_hal_tim.o(i.HAL_TIM_PWM_ConfigChannel)
    i.HAL_TIM_PWM_Init                       0x08001908   Section        0  stm32f1xx_hal_tim.o(i.HAL_TIM_PWM_Init)
    i.HAL_TIM_PWM_MspInit                    0x08001962   Section        0  stm32f1xx_hal_tim.o(i.HAL_TIM_PWM_MspInit)
    i.HAL_TIM_PWM_PulseFinishedCallback      0x08001964   Section        0  stm32f1xx_hal_tim.o(i.HAL_TIM_PWM_PulseFinishedCallback)
    i.HAL_TIM_PWM_Start                      0x08001968   Section        0  stm32f1xx_hal_tim.o(i.HAL_TIM_PWM_Start)
    i.HAL_TIM_PeriodElapsedCallback          0x08001a04   Section        0  stm32f1xx_hal_tim.o(i.HAL_TIM_PeriodElapsedCallback)
    i.HAL_TIM_TriggerCallback                0x08001a06   Section        0  stm32f1xx_hal_tim.o(i.HAL_TIM_TriggerCallback)
    i.HardFault_Handler                      0x08001a08   Section        0  stm32f1xx_it.o(i.HardFault_Handler)
    i.I2C_IsAcknowledgeFailed                0x08001a0a   Section        0  stm32f1xx_hal_i2c.o(i.I2C_IsAcknowledgeFailed)
    I2C_IsAcknowledgeFailed                  0x08001a0b   Thumb Code    46  stm32f1xx_hal_i2c.o(i.I2C_IsAcknowledgeFailed)
    i.I2C_RequestMemoryWrite                 0x08001a38   Section        0  stm32f1xx_hal_i2c.o(i.I2C_RequestMemoryWrite)
    I2C_RequestMemoryWrite                   0x08001a39   Thumb Code   162  stm32f1xx_hal_i2c.o(i.I2C_RequestMemoryWrite)
    i.I2C_WaitOnBTFFlagUntilTimeout          0x08001ae0   Section        0  stm32f1xx_hal_i2c.o(i.I2C_WaitOnBTFFlagUntilTimeout)
    I2C_WaitOnBTFFlagUntilTimeout            0x08001ae1   Thumb Code    76  stm32f1xx_hal_i2c.o(i.I2C_WaitOnBTFFlagUntilTimeout)
    i.I2C_WaitOnFlagUntilTimeout             0x08001b2c   Section        0  stm32f1xx_hal_i2c.o(i.I2C_WaitOnFlagUntilTimeout)
    I2C_WaitOnFlagUntilTimeout               0x08001b2d   Thumb Code   104  stm32f1xx_hal_i2c.o(i.I2C_WaitOnFlagUntilTimeout)
    i.I2C_WaitOnMasterAddressFlagUntilTimeout 0x08001b94   Section        0  stm32f1xx_hal_i2c.o(i.I2C_WaitOnMasterAddressFlagUntilTimeout)
    I2C_WaitOnMasterAddressFlagUntilTimeout  0x08001b95   Thumb Code   150  stm32f1xx_hal_i2c.o(i.I2C_WaitOnMasterAddressFlagUntilTimeout)
    i.I2C_WaitOnTXEFlagUntilTimeout          0x08001c2a   Section        0  stm32f1xx_hal_i2c.o(i.I2C_WaitOnTXEFlagUntilTimeout)
    I2C_WaitOnTXEFlagUntilTimeout            0x08001c2b   Thumb Code    76  stm32f1xx_hal_i2c.o(i.I2C_WaitOnTXEFlagUntilTimeout)
    i.MX_GPIO_Init                           0x08001c78   Section        0  gpio.o(i.MX_GPIO_Init)
    i.MX_I2C2_Init                           0x08001d20   Section        0  i2c.o(i.MX_I2C2_Init)
    i.MX_RTC_Init                            0x08001d60   Section        0  rtc.o(i.MX_RTC_Init)
    i.MX_TIM2_Init                           0x08001dd0   Section        0  tim.o(i.MX_TIM2_Init)
    i.MemManage_Handler                      0x08001e68   Section        0  stm32f1xx_it.o(i.MemManage_Handler)
    i.NMI_Handler                            0x08001e6a   Section        0  stm32f1xx_it.o(i.NMI_Handler)
    i.OLED_CLS                               0x08001e6c   Section        0  oled.o(i.OLED_CLS)
    i.OLED_DrawGIF                           0x08001e72   Section        0  oled.o(i.OLED_DrawGIF)
    i.OLED_Fill                              0x08001ecc   Section        0  oled.o(i.OLED_Fill)
    i.OLED_Init                              0x08001f04   Section        0  oled.o(i.OLED_Init)
    i.OLED_SetPos                            0x08001fb8   Section        0  oled.o(i.OLED_SetPos)
    i.OLED_ShowCN                            0x08001fe0   Section        0  oled.o(i.OLED_ShowCN)
    i.OLED_ShowCN_STR                        0x08002028   Section        0  oled.o(i.OLED_ShowCN_STR)
    i.OLED_ShowChar                          0x08002054   Section        0  oled.o(i.OLED_ShowChar)
    i.OLED_ShowNum                           0x080020dc   Section        0  oled.o(i.OLED_ShowNum)
    i.OLED_ShowStr                           0x08002148   Section        0  oled.o(i.OLED_ShowStr)
    i.PendSV_Handler                         0x08002220   Section        0  stm32f1xx_it.o(i.PendSV_Handler)
    i.RTC_Bcd2ToByte                         0x08002222   Section        0  stm32f1xx_hal_rtc.o(i.RTC_Bcd2ToByte)
    RTC_Bcd2ToByte                           0x08002223   Thumb Code    18  stm32f1xx_hal_rtc.o(i.RTC_Bcd2ToByte)
    i.RTC_EnterInitMode                      0x08002234   Section        0  stm32f1xx_hal_rtc.o(i.RTC_EnterInitMode)
    RTC_EnterInitMode                        0x08002235   Thumb Code    52  stm32f1xx_hal_rtc.o(i.RTC_EnterInitMode)
    i.RTC_ExitInitMode                       0x08002268   Section        0  stm32f1xx_hal_rtc.o(i.RTC_ExitInitMode)
    RTC_ExitInitMode                         0x08002269   Thumb Code    54  stm32f1xx_hal_rtc.o(i.RTC_ExitInitMode)
    i.RTC_ReadAlarmCounter                   0x0800229e   Section        0  stm32f1xx_hal_rtc.o(i.RTC_ReadAlarmCounter)
    RTC_ReadAlarmCounter                     0x0800229f   Thumb Code    14  stm32f1xx_hal_rtc.o(i.RTC_ReadAlarmCounter)
    i.RTC_ReadTimeCounter                    0x080022ac   Section        0  stm32f1xx_hal_rtc.o(i.RTC_ReadTimeCounter)
    RTC_ReadTimeCounter                      0x080022ad   Thumb Code    32  stm32f1xx_hal_rtc.o(i.RTC_ReadTimeCounter)
    i.RTC_WeekDayNum                         0x080022cc   Section        0  stm32f1xx_hal_rtc.o(i.RTC_WeekDayNum)
    RTC_WeekDayNum                           0x080022cd   Thumb Code    86  stm32f1xx_hal_rtc.o(i.RTC_WeekDayNum)
    i.RTC_WriteAlarmCounter                  0x08002322   Section        0  stm32f1xx_hal_rtc.o(i.RTC_WriteAlarmCounter)
    RTC_WriteAlarmCounter                    0x08002323   Thumb Code    40  stm32f1xx_hal_rtc.o(i.RTC_WriteAlarmCounter)
    i.RTC_WriteTimeCounter                   0x0800234a   Section        0  stm32f1xx_hal_rtc.o(i.RTC_WriteTimeCounter)
    RTC_WriteTimeCounter                     0x0800234b   Thumb Code    40  stm32f1xx_hal_rtc.o(i.RTC_WriteTimeCounter)
    i.SVC_Handler                            0x08002372   Section        0  stm32f1xx_it.o(i.SVC_Handler)
    i.SysTick_Handler                        0x08002374   Section        0  stm32f1xx_it.o(i.SysTick_Handler)
    i.SystemClock_Config                     0x08002378   Section        0  main.o(i.SystemClock_Config)
    i.SystemInit                             0x080023f2   Section        0  system_stm32f1xx.o(i.SystemInit)
    i.TIM2_IRQHandler                        0x080023f4   Section        0  stm32f1xx_it.o(i.TIM2_IRQHandler)
    i.TIM_Base_SetConfig                     0x08002400   Section        0  stm32f1xx_hal_tim.o(i.TIM_Base_SetConfig)
    i.TIM_CCxChannelCmd                      0x0800246c   Section        0  stm32f1xx_hal_tim.o(i.TIM_CCxChannelCmd)
    i.TIM_ETR_SetConfig                      0x08002486   Section        0  stm32f1xx_hal_tim.o(i.TIM_ETR_SetConfig)
    i.TIM_ITRx_SetConfig                     0x0800249a   Section        0  stm32f1xx_hal_tim.o(i.TIM_ITRx_SetConfig)
    TIM_ITRx_SetConfig                       0x0800249b   Thumb Code    16  stm32f1xx_hal_tim.o(i.TIM_ITRx_SetConfig)
    i.TIM_OC1_SetConfig                      0x080024ac   Section        0  stm32f1xx_hal_tim.o(i.TIM_OC1_SetConfig)
    TIM_OC1_SetConfig                        0x080024ad   Thumb Code    74  stm32f1xx_hal_tim.o(i.TIM_OC1_SetConfig)
    i.TIM_OC2_SetConfig                      0x080024fc   Section        0  stm32f1xx_hal_tim.o(i.TIM_OC2_SetConfig)
    i.TIM_OC3_SetConfig                      0x08002554   Section        0  stm32f1xx_hal_tim.o(i.TIM_OC3_SetConfig)
    TIM_OC3_SetConfig                        0x08002555   Thumb Code    82  stm32f1xx_hal_tim.o(i.TIM_OC3_SetConfig)
    i.TIM_OC4_SetConfig                      0x080025ac   Section        0  stm32f1xx_hal_tim.o(i.TIM_OC4_SetConfig)
    TIM_OC4_SetConfig                        0x080025ad   Thumb Code    64  stm32f1xx_hal_tim.o(i.TIM_OC4_SetConfig)
    i.TIM_TI1_ConfigInputStage               0x080025f0   Section        0  stm32f1xx_hal_tim.o(i.TIM_TI1_ConfigInputStage)
    TIM_TI1_ConfigInputStage                 0x080025f1   Thumb Code    34  stm32f1xx_hal_tim.o(i.TIM_TI1_ConfigInputStage)
    i.TIM_TI2_ConfigInputStage               0x08002612   Section        0  stm32f1xx_hal_tim.o(i.TIM_TI2_ConfigInputStage)
    TIM_TI2_ConfigInputStage                 0x08002613   Thumb Code    36  stm32f1xx_hal_tim.o(i.TIM_TI2_ConfigInputStage)
    i.Tims_delay_us                          0x08002638   Section        0  dht11.o(i.Tims_delay_us)
    i.UsageFault_Handler                     0x08002674   Section        0  stm32f1xx_it.o(i.UsageFault_Handler)
    i.WriteCmd                               0x08002678   Section        0  oled.o(i.WriteCmd)
    i.WriteDat                               0x0800269c   Section        0  oled.o(i.WriteDat)
    i.__NVIC_SetPriority                     0x080026c0   Section        0  stm32f1xx_hal_cortex.o(i.__NVIC_SetPriority)
    __NVIC_SetPriority                       0x080026c1   Thumb Code    32  stm32f1xx_hal_cortex.o(i.__NVIC_SetPriority)
    i.main                                   0x080026e0   Section        0  main.o(i.main)
    i.oled_pow                               0x08002768   Section        0  oled.o(i.oled_pow)
    .constdata                               0x08002778   Section       16  system_stm32f1xx.o(.constdata)
    .constdata                               0x08002788   Section        8  system_stm32f1xx.o(.constdata)
    .constdata                               0x08002790   Section     2072  oled.o(.constdata)
    .data                                    0x20000000   Section      747  main.o(.data)
    .data                                    0x200002ec   Section       12  stm32f1xx_hal.o(.data)
    .data                                    0x200002f8   Section        4  system_stm32f1xx.o(.data)
    .data                                    0x200002fc   Section      160  oled.o(.data)
    .bss                                     0x2000039c   Section       84  i2c.o(.bss)
    .bss                                     0x200003f0   Section       20  rtc.o(.bss)
    .bss                                     0x20000404   Section       72  tim.o(.bss)
    .bss                                     0x2000044c   Section       96  libspace.o(.bss)
    HEAP                                     0x200004b0   Section      512  startup_stm32f103xb.o(HEAP)
    Heap_Mem                                 0x200004b0   Data         512  startup_stm32f103xb.o(HEAP)
    STACK                                    0x200006b0   Section     1024  startup_stm32f103xb.o(STACK)
    Stack_Mem                                0x200006b0   Data        1024  startup_stm32f103xb.o(STACK)
    __initial_sp                             0x20000ab0   Data           0  startup_stm32f103xb.o(STACK)

    Global Symbols

    Symbol Name                              Value     Ov Type        Size  Object(Section)

    BuildAttributes$$THM_ISAv4$P$D$K$B$S$PE$A:L22UL41UL21$X:L11$S22US41US21$IEEE1$IW$USESV6$~STKCKD$USESV7$~SHL$OSPACE$ROPI$EBA8$UX$STANDARDLIB$REQ8$PRES8$EABIv2 0x00000000   Number         0  anon$$obj.o ABSOLUTE
    __ARM_use_no_argv                        0x00000000   Number         0  main.o ABSOLUTE
    __ARM_exceptions_init                     - Undefined Weak Reference
    __alloca_initialize                       - Undefined Weak Reference
    __arm_preinit_                            - Undefined Weak Reference
    __cpp_initialize__aeabi_                  - Undefined Weak Reference
    __cxa_finalize                            - Undefined Weak Reference
    __rt_locale                               - Undefined Weak Reference
    __sigvec_lookup                           - Undefined Weak Reference
    _atexit_init                              - Undefined Weak Reference
    _call_atexit_fns                          - Undefined Weak Reference
    _clock_init                               - Undefined Weak Reference
    _fp_trap_init                             - Undefined Weak Reference
    _fp_trap_shutdown                         - Undefined Weak Reference
    _get_lc_collate                           - Undefined Weak Reference
    _get_lc_ctype                             - Undefined Weak Reference
    _get_lc_monetary                          - Undefined Weak Reference
    _get_lc_numeric                           - Undefined Weak Reference
    _get_lc_time                              - Undefined Weak Reference
    _getenv_init                              - Undefined Weak Reference
    _handle_redirection                       - Undefined Weak Reference
    _init_alloc                               - Undefined Weak Reference
    _init_user_alloc                          - Undefined Weak Reference
    _initio                                   - Undefined Weak Reference
    _rand_init                                - Undefined Weak Reference
    _signal_finish                            - Undefined Weak Reference
    _signal_init                              - Undefined Weak Reference
    _terminate_alloc                          - Undefined Weak Reference
    _terminate_user_alloc                     - Undefined Weak Reference
    _terminateio                              - Undefined Weak Reference
    __Vectors_Size                           0x000000ec   Number         0  startup_stm32f103xb.o ABSOLUTE
    __Vectors                                0x08000000   Data           4  startup_stm32f103xb.o(RESET)
    __Vectors_End                            0x080000ec   Data           0  startup_stm32f103xb.o(RESET)
    __main                                   0x080000ed   Thumb Code     8  __main.o(!!!main)
    __scatterload                            0x080000f5   Thumb Code     0  __scatter.o(!!!scatter)
    __scatterload_rt2                        0x080000f5   Thumb Code    44  __scatter.o(!!!scatter)
    __scatterload_rt2_thumb_only             0x080000f5   Thumb Code     0  __scatter.o(!!!scatter)
    __scatterload_null                       0x08000103   Thumb Code     0  __scatter.o(!!!scatter)
    __decompress                             0x08000129   Thumb Code    90  __dczerorl2.o(!!dczerorl2)
    __decompress1                            0x08000129   Thumb Code     0  __dczerorl2.o(!!dczerorl2)
    __scatterload_zeroinit                   0x08000185   Thumb Code    28  __scatter_zi.o(!!handler_zi)
    __rt_lib_init                            0x080001a1   Thumb Code     0  libinit.o(.ARM.Collect$$libinit$$00000000)
    __rt_lib_init_alloca_1                   0x080001a3   Thumb Code     0  libinit2.o(.ARM.Collect$$libinit$$0000002E)
    __rt_lib_init_argv_1                     0x080001a3   Thumb Code     0  libinit2.o(.ARM.Collect$$libinit$$0000002C)
    __rt_lib_init_atexit_1                   0x080001a3   Thumb Code     0  libinit2.o(.ARM.Collect$$libinit$$0000001B)
    __rt_lib_init_clock_1                    0x080001a3   Thumb Code     0  libinit2.o(.ARM.Collect$$libinit$$00000021)
    __rt_lib_init_cpp_1                      0x080001a3   Thumb Code     0  libinit2.o(.ARM.Collect$$libinit$$00000032)
    __rt_lib_init_exceptions_1               0x080001a3   Thumb Code     0  libinit2.o(.ARM.Collect$$libinit$$00000030)
    __rt_lib_init_fp_1                       0x080001a3   Thumb Code     0  libinit2.o(.ARM.Collect$$libinit$$00000002)
    __rt_lib_init_fp_trap_1                  0x080001a3   Thumb Code     0  libinit2.o(.ARM.Collect$$libinit$$0000001F)
    __rt_lib_init_getenv_1                   0x080001a3   Thumb Code     0  libinit2.o(.ARM.Collect$$libinit$$00000023)
    __rt_lib_init_heap_1                     0x080001a3   Thumb Code     0  libinit2.o(.ARM.Collect$$libinit$$0000000A)
    __rt_lib_init_lc_collate_1               0x080001a3   Thumb Code     0  libinit2.o(.ARM.Collect$$libinit$$00000011)
    __rt_lib_init_lc_ctype_1                 0x080001a3   Thumb Code     0  libinit2.o(.ARM.Collect$$libinit$$00000013)
    __rt_lib_init_lc_monetary_1              0x080001a3   Thumb Code     0  libinit2.o(.ARM.Collect$$libinit$$00000015)
    __rt_lib_init_lc_numeric_1               0x080001a3   Thumb Code     0  libinit2.o(.ARM.Collect$$libinit$$00000017)
    __rt_lib_init_lc_time_1                  0x080001a3   Thumb Code     0  libinit2.o(.ARM.Collect$$libinit$$00000019)
    __rt_lib_init_preinit_1                  0x080001a3   Thumb Code     0  libinit2.o(.ARM.Collect$$libinit$$00000004)
    __rt_lib_init_rand_1                     0x080001a3   Thumb Code     0  libinit2.o(.ARM.Collect$$libinit$$0000000E)
    __rt_lib_init_return                     0x080001a3   Thumb Code     0  libinit2.o(.ARM.Collect$$libinit$$00000033)
    __rt_lib_init_signal_1                   0x080001a3   Thumb Code     0  libinit2.o(.ARM.Collect$$libinit$$0000001D)
    __rt_lib_init_stdio_1                    0x080001a3   Thumb Code     0  libinit2.o(.ARM.Collect$$libinit$$00000025)
    __rt_lib_init_user_alloc_1               0x080001a3   Thumb Code     0  libinit2.o(.ARM.Collect$$libinit$$0000000C)
    __rt_lib_shutdown                        0x080001a5   Thumb Code     0  libshutdown.o(.ARM.Collect$$libshutdown$$00000000)
    __rt_lib_shutdown_cpp_1                  0x080001a7   Thumb Code     0  libshutdown2.o(.ARM.Collect$$libshutdown$$00000002)
    __rt_lib_shutdown_fp_trap_1              0x080001a7   Thumb Code     0  libshutdown2.o(.ARM.Collect$$libshutdown$$00000007)
    __rt_lib_shutdown_heap_1                 0x080001a7   Thumb Code     0  libshutdown2.o(.ARM.Collect$$libshutdown$$0000000F)
    __rt_lib_shutdown_return                 0x080001a7   Thumb Code     0  libshutdown2.o(.ARM.Collect$$libshutdown$$00000010)
    __rt_lib_shutdown_signal_1               0x080001a7   Thumb Code     0  libshutdown2.o(.ARM.Collect$$libshutdown$$0000000A)
    __rt_lib_shutdown_stdio_1                0x080001a7   Thumb Code     0  libshutdown2.o(.ARM.Collect$$libshutdown$$00000004)
    __rt_lib_shutdown_user_alloc_1           0x080001a7   Thumb Code     0  libshutdown2.o(.ARM.Collect$$libshutdown$$0000000C)
    __rt_entry                               0x080001a9   Thumb Code     0  __rtentry.o(.ARM.Collect$$rtentry$$00000000)
    __rt_entry_presh_1                       0x080001a9   Thumb Code     0  __rtentry2.o(.ARM.Collect$$rtentry$$00000002)
    __rt_entry_sh                            0x080001a9   Thumb Code     0  __rtentry4.o(.ARM.Collect$$rtentry$$00000004)
    __rt_entry_li                            0x080001af   Thumb Code     0  __rtentry2.o(.ARM.Collect$$rtentry$$0000000A)
    __rt_entry_postsh_1                      0x080001af   Thumb Code     0  __rtentry2.o(.ARM.Collect$$rtentry$$00000009)
    __rt_entry_main                          0x080001b3   Thumb Code     0  __rtentry2.o(.ARM.Collect$$rtentry$$0000000D)
    __rt_entry_postli_1                      0x080001b3   Thumb Code     0  __rtentry2.o(.ARM.Collect$$rtentry$$0000000C)
    __rt_exit                                0x080001bb   Thumb Code     0  rtexit.o(.ARM.Collect$$rtexit$$00000000)
    __rt_exit_ls                             0x080001bd   Thumb Code     0  rtexit2.o(.ARM.Collect$$rtexit$$00000003)
    __rt_exit_prels_1                        0x080001bd   Thumb Code     0  rtexit2.o(.ARM.Collect$$rtexit$$00000002)
    __rt_exit_exit                           0x080001c1   Thumb Code     0  rtexit2.o(.ARM.Collect$$rtexit$$00000004)
    Reset_Handler                            0x080001c9   Thumb Code     8  startup_stm32f103xb.o(.text)
    ADC1_2_IRQHandler                        0x080001e3   Thumb Code     0  startup_stm32f103xb.o(.text)
    CAN1_RX1_IRQHandler                      0x080001e3   Thumb Code     0  startup_stm32f103xb.o(.text)
    CAN1_SCE_IRQHandler                      0x080001e3   Thumb Code     0  startup_stm32f103xb.o(.text)
    DMA1_Channel1_IRQHandler                 0x080001e3   Thumb Code     0  startup_stm32f103xb.o(.text)
    DMA1_Channel2_IRQHandler                 0x080001e3   Thumb Code     0  startup_stm32f103xb.o(.text)
    DMA1_Channel3_IRQHandler                 0x080001e3   Thumb Code     0  startup_stm32f103xb.o(.text)
    DMA1_Channel4_IRQHandler                 0x080001e3   Thumb Code     0  startup_stm32f103xb.o(.text)
    DMA1_Channel5_IRQHandler                 0x080001e3   Thumb Code     0  startup_stm32f103xb.o(.text)
    DMA1_Channel6_IRQHandler                 0x080001e3   Thumb Code     0  startup_stm32f103xb.o(.text)
    DMA1_Channel7_IRQHandler                 0x080001e3   Thumb Code     0  startup_stm32f103xb.o(.text)
    EXTI0_IRQHandler                         0x080001e3   Thumb Code     0  startup_stm32f103xb.o(.text)
    EXTI15_10_IRQHandler                     0x080001e3   Thumb Code     0  startup_stm32f103xb.o(.text)
    EXTI1_IRQHandler                         0x080001e3   Thumb Code     0  startup_stm32f103xb.o(.text)
    EXTI2_IRQHandler                         0x080001e3   Thumb Code     0  startup_stm32f103xb.o(.text)
    EXTI3_IRQHandler                         0x080001e3   Thumb Code     0  startup_stm32f103xb.o(.text)
    EXTI4_IRQHandler                         0x080001e3   Thumb Code     0  startup_stm32f103xb.o(.text)
    EXTI9_5_IRQHandler                       0x080001e3   Thumb Code     0  startup_stm32f103xb.o(.text)
    FLASH_IRQHandler                         0x080001e3   Thumb Code     0  startup_stm32f103xb.o(.text)
    I2C1_ER_IRQHandler                       0x080001e3   Thumb Code     0  startup_stm32f103xb.o(.text)
    I2C1_EV_IRQHandler                       0x080001e3   Thumb Code     0  startup_stm32f103xb.o(.text)
    I2C2_ER_IRQHandler                       0x080001e3   Thumb Code     0  startup_stm32f103xb.o(.text)
    I2C2_EV_IRQHandler                       0x080001e3   Thumb Code     0  startup_stm32f103xb.o(.text)
    PVD_IRQHandler                           0x080001e3   Thumb Code     0  startup_stm32f103xb.o(.text)
    RCC_IRQHandler                           0x080001e3   Thumb Code     0  startup_stm32f103xb.o(.text)
    RTC_Alarm_IRQHandler                     0x080001e3   Thumb Code     0  startup_stm32f103xb.o(.text)
    RTC_IRQHandler                           0x080001e3   Thumb Code     0  startup_stm32f103xb.o(.text)
    SPI1_IRQHandler                          0x080001e3   Thumb Code     0  startup_stm32f103xb.o(.text)
    SPI2_IRQHandler                          0x080001e3   Thumb Code     0  startup_stm32f103xb.o(.text)
    TAMPER_IRQHandler                        0x080001e3   Thumb Code     0  startup_stm32f103xb.o(.text)
    TIM1_BRK_IRQHandler                      0x080001e3   Thumb Code     0  startup_stm32f103xb.o(.text)
    TIM1_CC_IRQHandler                       0x080001e3   Thumb Code     0  startup_stm32f103xb.o(.text)
    TIM1_TRG_COM_IRQHandler                  0x080001e3   Thumb Code     0  startup_stm32f103xb.o(.text)
    TIM1_UP_IRQHandler                       0x080001e3   Thumb Code     0  startup_stm32f103xb.o(.text)
    TIM3_IRQHandler                          0x080001e3   Thumb Code     0  startup_stm32f103xb.o(.text)
    TIM4_IRQHandler                          0x080001e3   Thumb Code     0  startup_stm32f103xb.o(.text)
    USART1_IRQHandler                        0x080001e3   Thumb Code     0  startup_stm32f103xb.o(.text)
    USART2_IRQHandler                        0x080001e3   Thumb Code     0  startup_stm32f103xb.o(.text)
    USART3_IRQHandler                        0x080001e3   Thumb Code     0  startup_stm32f103xb.o(.text)
    USBWakeUp_IRQHandler                     0x080001e3   Thumb Code     0  startup_stm32f103xb.o(.text)
    USB_HP_CAN1_TX_IRQHandler                0x080001e3   Thumb Code     0  startup_stm32f103xb.o(.text)
    USB_LP_CAN1_RX0_IRQHandler               0x080001e3   Thumb Code     0  startup_stm32f103xb.o(.text)
    WWDG_IRQHandler                          0x080001e3   Thumb Code     0  startup_stm32f103xb.o(.text)
    __user_initial_stackheap                 0x080001e5   Thumb Code     0  startup_stm32f103xb.o(.text)
    __aeabi_memclr4                          0x08000209   Thumb Code     0  rt_memclr_w.o(.text)
    __aeabi_memclr8                          0x08000209   Thumb Code     0  rt_memclr_w.o(.text)
    __rt_memclr_w                            0x08000209   Thumb Code    78  rt_memclr_w.o(.text)
    _memset_w                                0x0800020d   Thumb Code     0  rt_memclr_w.o(.text)
    __use_two_region_memory                  0x08000257   Thumb Code     2  heapauxi.o(.text)
    __rt_heap_escrow$2region                 0x08000259   Thumb Code     2  heapauxi.o(.text)
    __rt_heap_expand$2region                 0x0800025b   Thumb Code     2  heapauxi.o(.text)
    __user_setup_stackheap                   0x0800025d   Thumb Code    74  sys_stackheap_outer.o(.text)
    exit                                     0x080002a7   Thumb Code    18  exit.o(.text)
    __user_libspace                          0x080002b9   Thumb Code     8  libspace.o(.text)
    __user_perproc_libspace                  0x080002b9   Thumb Code     0  libspace.o(.text)
    __user_perthread_libspace                0x080002b9   Thumb Code     0  libspace.o(.text)
    _sys_exit                                0x080002c1   Thumb Code     8  sys_exit.o(.text)
    __I$use$semihosting                      0x080002cd   Thumb Code     0  use_no_semi.o(.text)
    __use_no_semihosting_swi                 0x080002cd   Thumb Code     2  use_no_semi.o(.text)
    BusFault_Handler                         0x080002cf   Thumb Code     2  stm32f1xx_it.o(i.BusFault_Handler)
    __semihosting_library_function           0x080002cf   Thumb Code     0  indicate_semi.o(.text)
    DHT11                                    0x080002d1   Thumb Code    16  dht11.o(i.DHT11)
    DHT11_Check                              0x080002e1   Thumb Code    28  dht11.o(i.DHT11_Check)
    DHT11_READ_BIT                           0x08000331   Thumb Code    54  dht11.o(i.DHT11_READ_BIT)
    DHT11_READ_BYTE                          0x0800036d   Thumb Code    32  dht11.o(i.DHT11_READ_BYTE)
    DHT11_READ_DATA                          0x0800038d   Thumb Code   278  dht11.o(i.DHT11_READ_DATA)
    DHT11_START                              0x080004bd   Thumb Code    36  dht11.o(i.DHT11_START)
    DebugMon_Handler                         0x080004e5   Thumb Code     2  stm32f1xx_it.o(i.DebugMon_Handler)
    Error_Handler                            0x080004e7   Thumb Code     4  main.o(i.Error_Handler)
    HAL_Delay                                0x080004ed   Thumb Code    32  stm32f1xx_hal.o(i.HAL_Delay)
    HAL_GPIO_Init                            0x08000511   Thumb Code   446  stm32f1xx_hal_gpio.o(i.HAL_GPIO_Init)
    HAL_GPIO_ReadPin                         0x080006f1   Thumb Code    10  stm32f1xx_hal_gpio.o(i.HAL_GPIO_ReadPin)
    HAL_GPIO_WritePin                        0x080006fb   Thumb Code    10  stm32f1xx_hal_gpio.o(i.HAL_GPIO_WritePin)
    HAL_GetTick                              0x08000705   Thumb Code     6  stm32f1xx_hal.o(i.HAL_GetTick)
    HAL_I2C_Init                             0x08000711   Thumb Code   376  stm32f1xx_hal_i2c.o(i.HAL_I2C_Init)
    HAL_I2C_Mem_Write                        0x08000899   Thumb Code   294  stm32f1xx_hal_i2c.o(i.HAL_I2C_Mem_Write)
    HAL_I2C_MspInit                          0x080009c9   Thumb Code    82  i2c.o(i.HAL_I2C_MspInit)
    HAL_IncTick                              0x08000a29   Thumb Code    12  stm32f1xx_hal.o(i.HAL_IncTick)
    HAL_Init                                 0x08000a39   Thumb Code    32  stm32f1xx_hal.o(i.HAL_Init)
    HAL_InitTick                             0x08000a5d   Thumb Code    54  stm32f1xx_hal.o(i.HAL_InitTick)
    HAL_MspInit                              0x08000a9d   Thumb Code    52  stm32f1xx_hal_msp.o(i.HAL_MspInit)
    HAL_NVIC_EnableIRQ                       0x08000ad9   Thumb Code    26  stm32f1xx_hal_cortex.o(i.HAL_NVIC_EnableIRQ)
    HAL_NVIC_SetPriority                     0x08000af5   Thumb Code    60  stm32f1xx_hal_cortex.o(i.HAL_NVIC_SetPriority)
    HAL_NVIC_SetPriorityGrouping             0x08000b35   Thumb Code    26  stm32f1xx_hal_cortex.o(i.HAL_NVIC_SetPriorityGrouping)
    HAL_PWR_EnableBkUpAccess                 0x08000b59   Thumb Code     8  stm32f1xx_hal_pwr.o(i.HAL_PWR_EnableBkUpAccess)
    HAL_RCCEx_GetPeriphCLKFreq               0x08000b65   Thumb Code   166  stm32f1xx_hal_rcc_ex.o(i.HAL_RCCEx_GetPeriphCLKFreq)
    HAL_RCCEx_PeriphCLKConfig                0x08000c2d   Thumb Code   224  stm32f1xx_hal_rcc_ex.o(i.HAL_RCCEx_PeriphCLKConfig)
    HAL_RCC_ClockConfig                      0x08000d19   Thumb Code   280  stm32f1xx_hal_rcc.o(i.HAL_RCC_ClockConfig)
    HAL_RCC_GetPCLK1Freq                     0x08000e45   Thumb Code    20  stm32f1xx_hal_rcc.o(i.HAL_RCC_GetPCLK1Freq)
    HAL_RCC_GetPCLK2Freq                     0x08000e65   Thumb Code    20  stm32f1xx_hal_rcc.o(i.HAL_RCC_GetPCLK2Freq)
    HAL_RCC_GetSysClockFreq                  0x08000e85   Thumb Code    74  stm32f1xx_hal_rcc.o(i.HAL_RCC_GetSysClockFreq)
    HAL_RCC_OscConfig                        0x08000ef1   Thumb Code   778  stm32f1xx_hal_rcc.o(i.HAL_RCC_OscConfig)
    HAL_RTC_Init                             0x08001211   Thumb Code   154  stm32f1xx_hal_rtc.o(i.HAL_RTC_Init)
    HAL_RTC_MspInit                          0x080012b1   Thumb Code    40  rtc.o(i.HAL_RTC_MspInit)
    HAL_RTC_SetDate                          0x080012e5   Thumb Code   192  stm32f1xx_hal_rtc.o(i.HAL_RTC_SetDate)
    HAL_RTC_SetTime                          0x080013a9   Thumb Code   168  stm32f1xx_hal_rtc.o(i.HAL_RTC_SetTime)
    HAL_RTC_WaitForSynchro                   0x08001455   Thumb Code    58  stm32f1xx_hal_rtc.o(i.HAL_RTC_WaitForSynchro)
    HAL_SYSTICK_Config                       0x0800148f   Thumb Code    40  stm32f1xx_hal_cortex.o(i.HAL_SYSTICK_Config)
    HAL_TIMEx_BreakCallback                  0x080014b7   Thumb Code     2  stm32f1xx_hal_tim_ex.o(i.HAL_TIMEx_BreakCallback)
    HAL_TIMEx_CommutCallback                 0x080014b9   Thumb Code     2  stm32f1xx_hal_tim_ex.o(i.HAL_TIMEx_CommutCallback)
    HAL_TIMEx_MasterConfigSynchronization    0x080014bd   Thumb Code    92  stm32f1xx_hal_tim_ex.o(i.HAL_TIMEx_MasterConfigSynchronization)
    HAL_TIM_Base_Init                        0x08001525   Thumb Code    90  stm32f1xx_hal_tim.o(i.HAL_TIM_Base_Init)
    HAL_TIM_Base_MspInit                     0x08001581   Thumb Code    50  tim.o(i.HAL_TIM_Base_MspInit)
    HAL_TIM_ConfigClockSource                0x080015b9   Thumb Code   214  stm32f1xx_hal_tim.o(i.HAL_TIM_ConfigClockSource)
    HAL_TIM_IC_CaptureCallback               0x0800168f   Thumb Code     2  stm32f1xx_hal_tim.o(i.HAL_TIM_IC_CaptureCallback)
    HAL_TIM_IRQHandler                       0x08001691   Thumb Code   358  stm32f1xx_hal_tim.o(i.HAL_TIM_IRQHandler)
    HAL_TIM_MspPostInit                      0x080017f9   Thumb Code    62  tim.o(i.HAL_TIM_MspPostInit)
    HAL_TIM_OC_DelayElapsedCallback          0x08001841   Thumb Code     2  stm32f1xx_hal_tim.o(i.HAL_TIM_OC_DelayElapsedCallback)
    HAL_TIM_PWM_ConfigChannel                0x08001843   Thumb Code   198  stm32f1xx_hal_tim.o(i.HAL_TIM_PWM_ConfigChannel)
    HAL_TIM_PWM_Init                         0x08001909   Thumb Code    90  stm32f1xx_hal_tim.o(i.HAL_TIM_PWM_Init)
    HAL_TIM_PWM_MspInit                      0x08001963   Thumb Code     2  stm32f1xx_hal_tim.o(i.HAL_TIM_PWM_MspInit)
    HAL_TIM_PWM_PulseFinishedCallback        0x08001965   Thumb Code     2  stm32f1xx_hal_tim.o(i.HAL_TIM_PWM_PulseFinishedCallback)
    HAL_TIM_PWM_Start                        0x08001969   Thumb Code   144  stm32f1xx_hal_tim.o(i.HAL_TIM_PWM_Start)
    HAL_TIM_PeriodElapsedCallback            0x08001a05   Thumb Code     2  stm32f1xx_hal_tim.o(i.HAL_TIM_PeriodElapsedCallback)
    HAL_TIM_TriggerCallback                  0x08001a07   Thumb Code     2  stm32f1xx_hal_tim.o(i.HAL_TIM_TriggerCallback)
    HardFault_Handler                        0x08001a09   Thumb Code     2  stm32f1xx_it.o(i.HardFault_Handler)
    MX_GPIO_Init                             0x08001c79   Thumb Code   156  gpio.o(i.MX_GPIO_Init)
    MX_I2C2_Init                             0x08001d21   Thumb Code    50  i2c.o(i.MX_I2C2_Init)
    MX_RTC_Init                              0x08001d61   Thumb Code   102  rtc.o(i.MX_RTC_Init)
    MX_TIM2_Init                             0x08001dd1   Thumb Code   146  tim.o(i.MX_TIM2_Init)
    MemManage_Handler                        0x08001e69   Thumb Code     2  stm32f1xx_it.o(i.MemManage_Handler)
    NMI_Handler                              0x08001e6b   Thumb Code     2  stm32f1xx_it.o(i.NMI_Handler)
    OLED_CLS                                 0x08001e6d   Thumb Code     6  oled.o(i.OLED_CLS)
    OLED_DrawGIF                             0x08001e73   Thumb Code    88  oled.o(i.OLED_DrawGIF)
    OLED_Fill                                0x08001ecd   Thumb Code    56  oled.o(i.OLED_Fill)
    OLED_Init                                0x08001f05   Thumb Code   180  oled.o(i.OLED_Init)
    OLED_SetPos                              0x08001fb9   Thumb Code    38  oled.o(i.OLED_SetPos)
    OLED_ShowCN                              0x08001fe1   Thumb Code    66  oled.o(i.OLED_ShowCN)
    OLED_ShowCN_STR                          0x08002029   Thumb Code    44  oled.o(i.OLED_ShowCN_STR)
    OLED_ShowChar                            0x08002055   Thumb Code   126  oled.o(i.OLED_ShowChar)
    OLED_ShowNum                             0x080020dd   Thumb Code   106  oled.o(i.OLED_ShowNum)
    OLED_ShowStr                             0x08002149   Thumb Code   208  oled.o(i.OLED_ShowStr)
    PendSV_Handler                           0x08002221   Thumb Code     2  stm32f1xx_it.o(i.PendSV_Handler)
    SVC_Handler                              0x08002373   Thumb Code     2  stm32f1xx_it.o(i.SVC_Handler)
    SysTick_Handler                          0x08002375   Thumb Code     4  stm32f1xx_it.o(i.SysTick_Handler)
    SystemClock_Config                       0x08002379   Thumb Code   122  main.o(i.SystemClock_Config)
    SystemInit                               0x080023f3   Thumb Code     2  system_stm32f1xx.o(i.SystemInit)
    TIM2_IRQHandler                          0x080023f5   Thumb Code     6  stm32f1xx_it.o(i.TIM2_IRQHandler)
    TIM_Base_SetConfig                       0x08002401   Thumb Code    94  stm32f1xx_hal_tim.o(i.TIM_Base_SetConfig)
    TIM_CCxChannelCmd                        0x0800246d   Thumb Code    26  stm32f1xx_hal_tim.o(i.TIM_CCxChannelCmd)
    TIM_ETR_SetConfig                        0x08002487   Thumb Code    20  stm32f1xx_hal_tim.o(i.TIM_ETR_SetConfig)
    TIM_OC2_SetConfig                        0x080024fd   Thumb Code    84  stm32f1xx_hal_tim.o(i.TIM_OC2_SetConfig)
    Tims_delay_us                            0x08002639   Thumb Code    54  dht11.o(i.Tims_delay_us)
    UsageFault_Handler                       0x08002675   Thumb Code     2  stm32f1xx_it.o(i.UsageFault_Handler)
    WriteCmd                                 0x08002679   Thumb Code    30  oled.o(i.WriteCmd)
    WriteDat                                 0x0800269d   Thumb Code    30  oled.o(i.WriteDat)
    main                                     0x080026e1   Thumb Code   114  main.o(i.main)
    oled_pow                                 0x08002769   Thumb Code    16  oled.o(i.oled_pow)
    AHBPrescTable                            0x08002778   Data          16  system_stm32f1xx.o(.constdata)
    APBPrescTable                            0x08002788   Data           8  system_stm32f1xx.o(.constdata)
    F6x8                                     0x08002790   Data         552  oled.o(.constdata)
    F8X16                                    0x080029b8   Data        1520  oled.o(.constdata)
    Region$$Table$$Base                      0x08002fa8   Number         0  anon$$obj.o(Region$$Table)
    Region$$Table$$Limit                     0x08002fc8   Number         0  anon$$obj.o(Region$$Table)
    GetTime                                  0x20000000   Data           3  main.o(.data)
    GetData                                  0x20000003   Data           4  main.o(.data)
    BMP3                                     0x20000007   Data         740  main.o(.data)
    uwTickFreq                               0x200002ec   Data           1  stm32f1xx_hal.o(.data)
    uwTickPrio                               0x200002f0   Data           4  stm32f1xx_hal.o(.data)
    uwTick                                   0x200002f4   Data           4  stm32f1xx_hal.o(.data)
    SystemCoreClock                          0x200002f8   Data           4  system_stm32f1xx.o(.data)
    F16x16                                   0x200002fc   Data         160  oled.o(.data)
    hi2c2                                    0x2000039c   Data          84  i2c.o(.bss)
    hrtc                                     0x200003f0   Data          20  rtc.o(.bss)
    htim2                                    0x20000404   Data          72  tim.o(.bss)
    __libspace_start                         0x2000044c   Data          96  libspace.o(.bss)
    __temporary_stack_top$libspace           0x200004ac   Data           0  libspace.o(.bss)



==============================================================================

Memory Map of the image

  Image Entry point : 0x080000ed

  Load Region LR_IROM1 (Base: 0x08000000, Size: 0x00003364, Max: 0x00010000, ABSOLUTE, COMPRESSED[0x000030e0])

    Execution Region ER_IROM1 (Exec base: 0x08000000, Load base: 0x08000000, Size: 0x00002fc8, Max: 0x00010000, ABSOLUTE)

    Exec Addr    Load Addr    Size         Type   Attr      Idx    E Section Name        Object

    0x08000000   0x08000000   0x000000ec   Data   RO            3    RESET               startup_stm32f103xb.o
    0x080000ec   0x080000ec   0x00000008   Code   RO         3369  * !!!main             c_w.l(__main.o)
    0x080000f4   0x080000f4   0x00000034   Code   RO         3528    !!!scatter          c_w.l(__scatter.o)
    0x08000128   0x08000128   0x0000005a   Code   RO         3526    !!dczerorl2         c_w.l(__dczerorl2.o)
    0x08000182   0x08000182   0x00000002   PAD
    0x08000184   0x08000184   0x0000001c   Code   RO         3530    !!handler_zi        c_w.l(__scatter_zi.o)
    0x080001a0   0x080001a0   0x00000002   Code   RO         3396    .ARM.Collect$$libinit$$00000000  c_w.l(libinit.o)
    0x080001a2   0x080001a2   0x00000000   Code   RO         3403    .ARM.Collect$$libinit$$00000002  c_w.l(libinit2.o)
    0x080001a2   0x080001a2   0x00000000   Code   RO         3405    .ARM.Collect$$libinit$$00000004  c_w.l(libinit2.o)
    0x080001a2   0x080001a2   0x00000000   Code   RO         3408    .ARM.Collect$$libinit$$0000000A  c_w.l(libinit2.o)
    0x080001a2   0x080001a2   0x00000000   Code   RO         3410    .ARM.Collect$$libinit$$0000000C  c_w.l(libinit2.o)
    0x080001a2   0x080001a2   0x00000000   Code   RO         3412    .ARM.Collect$$libinit$$0000000E  c_w.l(libinit2.o)
    0x080001a2   0x080001a2   0x00000000   Code   RO         3415    .ARM.Collect$$libinit$$00000011  c_w.l(libinit2.o)
    0x080001a2   0x080001a2   0x00000000   Code   RO         3417    .ARM.Collect$$libinit$$00000013  c_w.l(libinit2.o)
    0x080001a2   0x080001a2   0x00000000   Code   RO         3419    .ARM.Collect$$libinit$$00000015  c_w.l(libinit2.o)
    0x080001a2   0x080001a2   0x00000000   Code   RO         3421    .ARM.Collect$$libinit$$00000017  c_w.l(libinit2.o)
    0x080001a2   0x080001a2   0x00000000   Code   RO         3423    .ARM.Collect$$libinit$$00000019  c_w.l(libinit2.o)
    0x080001a2   0x080001a2   0x00000000   Code   RO         3425    .ARM.Collect$$libinit$$0000001B  c_w.l(libinit2.o)
    0x080001a2   0x080001a2   0x00000000   Code   RO         3427    .ARM.Collect$$libinit$$0000001D  c_w.l(libinit2.o)
    0x080001a2   0x080001a2   0x00000000   Code   RO         3429    .ARM.Collect$$libinit$$0000001F  c_w.l(libinit2.o)
    0x080001a2   0x080001a2   0x00000000   Code   RO         3431    .ARM.Collect$$libinit$$00000021  c_w.l(libinit2.o)
    0x080001a2   0x080001a2   0x00000000   Code   RO         3433    .ARM.Collect$$libinit$$00000023  c_w.l(libinit2.o)
    0x080001a2   0x080001a2   0x00000000   Code   RO         3435    .ARM.Collect$$libinit$$00000025  c_w.l(libinit2.o)
    0x080001a2   0x080001a2   0x00000000   Code   RO         3439    .ARM.Collect$$libinit$$0000002C  c_w.l(libinit2.o)
    0x080001a2   0x080001a2   0x00000000   Code   RO         3441    .ARM.Collect$$libinit$$0000002E  c_w.l(libinit2.o)
    0x080001a2   0x080001a2   0x00000000   Code   RO         3443    .ARM.Collect$$libinit$$00000030  c_w.l(libinit2.o)
    0x080001a2   0x080001a2   0x00000000   Code   RO         3445    .ARM.Collect$$libinit$$00000032  c_w.l(libinit2.o)
    0x080001a2   0x080001a2   0x00000002   Code   RO         3446    .ARM.Collect$$libinit$$00000033  c_w.l(libinit2.o)
    0x080001a4   0x080001a4   0x00000002   Code   RO         3466    .ARM.Collect$$libshutdown$$00000000  c_w.l(libshutdown.o)
    0x080001a6   0x080001a6   0x00000000   Code   RO         3479    .ARM.Collect$$libshutdown$$00000002  c_w.l(libshutdown2.o)
    0x080001a6   0x080001a6   0x00000000   Code   RO         3481    .ARM.Collect$$libshutdown$$00000004  c_w.l(libshutdown2.o)
    0x080001a6   0x080001a6   0x00000000   Code   RO         3484    .ARM.Collect$$libshutdown$$00000007  c_w.l(libshutdown2.o)
    0x080001a6   0x080001a6   0x00000000   Code   RO         3487    .ARM.Collect$$libshutdown$$0000000A  c_w.l(libshutdown2.o)
    0x080001a6   0x080001a6   0x00000000   Code   RO         3489    .ARM.Collect$$libshutdown$$0000000C  c_w.l(libshutdown2.o)
    0x080001a6   0x080001a6   0x00000000   Code   RO         3492    .ARM.Collect$$libshutdown$$0000000F  c_w.l(libshutdown2.o)
    0x080001a6   0x080001a6   0x00000002   Code   RO         3493    .ARM.Collect$$libshutdown$$00000010  c_w.l(libshutdown2.o)
    0x080001a8   0x080001a8   0x00000000   Code   RO         3371    .ARM.Collect$$rtentry$$00000000  c_w.l(__rtentry.o)
    0x080001a8   0x080001a8   0x00000000   Code   RO         3373    .ARM.Collect$$rtentry$$00000002  c_w.l(__rtentry2.o)
    0x080001a8   0x080001a8   0x00000006   Code   RO         3385    .ARM.Collect$$rtentry$$00000004  c_w.l(__rtentry4.o)
    0x080001ae   0x080001ae   0x00000000   Code   RO         3375    .ARM.Collect$$rtentry$$00000009  c_w.l(__rtentry2.o)
    0x080001ae   0x080001ae   0x00000004   Code   RO         3376    .ARM.Collect$$rtentry$$0000000A  c_w.l(__rtentry2.o)
    0x080001b2   0x080001b2   0x00000000   Code   RO         3378    .ARM.Collect$$rtentry$$0000000C  c_w.l(__rtentry2.o)
    0x080001b2   0x080001b2   0x00000008   Code   RO         3379    .ARM.Collect$$rtentry$$0000000D  c_w.l(__rtentry2.o)
    0x080001ba   0x080001ba   0x00000002   Code   RO         3400    .ARM.Collect$$rtexit$$00000000  c_w.l(rtexit.o)
    0x080001bc   0x080001bc   0x00000000   Code   RO         3448    .ARM.Collect$$rtexit$$00000002  c_w.l(rtexit2.o)
    0x080001bc   0x080001bc   0x00000004   Code   RO         3449    .ARM.Collect$$rtexit$$00000003  c_w.l(rtexit2.o)
    0x080001c0   0x080001c0   0x00000006   Code   RO         3450    .ARM.Collect$$rtexit$$00000004  c_w.l(rtexit2.o)
    0x080001c6   0x080001c6   0x00000002   PAD
    0x080001c8   0x080001c8   0x00000040   Code   RO            4    .text               startup_stm32f103xb.o
    0x08000208   0x08000208   0x0000004e   Code   RO         3365    .text               c_w.l(rt_memclr_w.o)
    0x08000256   0x08000256   0x00000006   Code   RO         3367    .text               c_w.l(heapauxi.o)
    0x0800025c   0x0800025c   0x0000004a   Code   RO         3387    .text               c_w.l(sys_stackheap_outer.o)
    0x080002a6   0x080002a6   0x00000012   Code   RO         3389    .text               c_w.l(exit.o)
    0x080002b8   0x080002b8   0x00000008   Code   RO         3397    .text               c_w.l(libspace.o)
    0x080002c0   0x080002c0   0x0000000c   Code   RO         3458    .text               c_w.l(sys_exit.o)
    0x080002cc   0x080002cc   0x00000002   Code   RO         3469    .text               c_w.l(use_no_semi.o)
    0x080002ce   0x080002ce   0x00000000   Code   RO         3471    .text               c_w.l(indicate_semi.o)
    0x080002ce   0x080002ce   0x00000002   Code   RO          339    i.BusFault_Handler  stm32f1xx_it.o
    0x080002d0   0x080002d0   0x00000010   Code   RO         3293    i.DHT11             dht11.o
    0x080002e0   0x080002e0   0x00000020   Code   RO         3294    i.DHT11_Check       dht11.o
    0x08000300   0x08000300   0x00000030   Code   RO         3295    i.DHT11_GPIO_MODE_SET  dht11.o
    0x08000330   0x08000330   0x0000003c   Code   RO         3296    i.DHT11_READ_BIT    dht11.o
    0x0800036c   0x0800036c   0x00000020   Code   RO         3297    i.DHT11_READ_BYTE   dht11.o
    0x0800038c   0x0800038c   0x00000130   Code   RO         3298    i.DHT11_READ_DATA   dht11.o
    0x080004bc   0x080004bc   0x00000028   Code   RO         3299    i.DHT11_START       dht11.o
    0x080004e4   0x080004e4   0x00000002   Code   RO          340    i.DebugMon_Handler  stm32f1xx_it.o
    0x080004e6   0x080004e6   0x00000004   Code   RO           13    i.Error_Handler     main.o
    0x080004ea   0x080004ea   0x00000002   PAD
    0x080004ec   0x080004ec   0x00000024   Code   RO          920    i.HAL_Delay         stm32f1xx_hal.o
    0x08000510   0x08000510   0x000001e0   Code   RO         1228    i.HAL_GPIO_Init     stm32f1xx_hal_gpio.o
    0x080006f0   0x080006f0   0x0000000a   Code   RO         1230    i.HAL_GPIO_ReadPin  stm32f1xx_hal_gpio.o
    0x080006fa   0x080006fa   0x0000000a   Code   RO         1232    i.HAL_GPIO_WritePin  stm32f1xx_hal_gpio.o
    0x08000704   0x08000704   0x0000000c   Code   RO          924    i.HAL_GetTick       stm32f1xx_hal.o
    0x08000710   0x08000710   0x00000188   Code   RO          492    i.HAL_I2C_Init      stm32f1xx_hal_i2c.o
    0x08000898   0x08000898   0x00000130   Code   RO          513    i.HAL_I2C_Mem_Write  stm32f1xx_hal_i2c.o
    0x080009c8   0x080009c8   0x00000060   Code   RO          208    i.HAL_I2C_MspInit   i2c.o
    0x08000a28   0x08000a28   0x00000010   Code   RO          930    i.HAL_IncTick       stm32f1xx_hal.o
    0x08000a38   0x08000a38   0x00000024   Code   RO          931    i.HAL_Init          stm32f1xx_hal.o
    0x08000a5c   0x08000a5c   0x00000040   Code   RO          932    i.HAL_InitTick      stm32f1xx_hal.o
    0x08000a9c   0x08000a9c   0x0000003c   Code   RO          421    i.HAL_MspInit       stm32f1xx_hal_msp.o
    0x08000ad8   0x08000ad8   0x0000001a   Code   RO         1388    i.HAL_NVIC_EnableIRQ  stm32f1xx_hal_cortex.o
    0x08000af2   0x08000af2   0x00000002   PAD
    0x08000af4   0x08000af4   0x00000040   Code   RO         1394    i.HAL_NVIC_SetPriority  stm32f1xx_hal_cortex.o
    0x08000b34   0x08000b34   0x00000024   Code   RO         1395    i.HAL_NVIC_SetPriorityGrouping  stm32f1xx_hal_cortex.o
    0x08000b58   0x08000b58   0x0000000c   Code   RO         1510    i.HAL_PWR_EnableBkUpAccess  stm32f1xx_hal_pwr.o
    0x08000b64   0x08000b64   0x000000c8   Code   RO         1190    i.HAL_RCCEx_GetPeriphCLKFreq  stm32f1xx_hal_rcc_ex.o
    0x08000c2c   0x08000c2c   0x000000ec   Code   RO         1191    i.HAL_RCCEx_PeriphCLKConfig  stm32f1xx_hal_rcc_ex.o
    0x08000d18   0x08000d18   0x0000012c   Code   RO         1088    i.HAL_RCC_ClockConfig  stm32f1xx_hal_rcc.o
    0x08000e44   0x08000e44   0x00000020   Code   RO         1095    i.HAL_RCC_GetPCLK1Freq  stm32f1xx_hal_rcc.o
    0x08000e64   0x08000e64   0x00000020   Code   RO         1096    i.HAL_RCC_GetPCLK2Freq  stm32f1xx_hal_rcc.o
    0x08000e84   0x08000e84   0x0000006c   Code   RO         1097    i.HAL_RCC_GetSysClockFreq  stm32f1xx_hal_rcc.o
    0x08000ef0   0x08000ef0   0x00000320   Code   RO         1100    i.HAL_RCC_OscConfig  stm32f1xx_hal_rcc.o
    0x08001210   0x08001210   0x000000a0   Code   RO         1896    i.HAL_RTC_Init      stm32f1xx_hal_rtc.o
    0x080012b0   0x080012b0   0x00000034   Code   RO          250    i.HAL_RTC_MspInit   rtc.o
    0x080012e4   0x080012e4   0x000000c4   Code   RO         1902    i.HAL_RTC_SetDate   stm32f1xx_hal_rtc.o
    0x080013a8   0x080013a8   0x000000ac   Code   RO         1903    i.HAL_RTC_SetTime   stm32f1xx_hal_rtc.o
    0x08001454   0x08001454   0x0000003a   Code   RO         1904    i.HAL_RTC_WaitForSynchro  stm32f1xx_hal_rtc.o
    0x0800148e   0x0800148e   0x00000028   Code   RO         1399    i.HAL_SYSTICK_Config  stm32f1xx_hal_cortex.o
    0x080014b6   0x080014b6   0x00000002   Code   RO         2866    i.HAL_TIMEx_BreakCallback  stm32f1xx_hal_tim_ex.o
    0x080014b8   0x080014b8   0x00000002   Code   RO         2867    i.HAL_TIMEx_CommutCallback  stm32f1xx_hal_tim_ex.o
    0x080014ba   0x080014ba   0x00000002   PAD
    0x080014bc   0x080014bc   0x00000068   Code   RO         2885    i.HAL_TIMEx_MasterConfigSynchronization  stm32f1xx_hal_tim_ex.o
    0x08001524   0x08001524   0x0000005a   Code   RO         2162    i.HAL_TIM_Base_Init  stm32f1xx_hal_tim.o
    0x0800157e   0x0800157e   0x00000002   PAD
    0x08001580   0x08001580   0x00000038   Code   RO          292    i.HAL_TIM_Base_MspInit  tim.o
    0x080015b8   0x080015b8   0x000000d6   Code   RO         2171    i.HAL_TIM_ConfigClockSource  stm32f1xx_hal_tim.o
    0x0800168e   0x0800168e   0x00000002   Code   RO         2196    i.HAL_TIM_IC_CaptureCallback  stm32f1xx_hal_tim.o
    0x08001690   0x08001690   0x00000166   Code   RO         2210    i.HAL_TIM_IRQHandler  stm32f1xx_hal_tim.o
    0x080017f6   0x080017f6   0x00000002   PAD
    0x080017f8   0x080017f8   0x00000048   Code   RO          293    i.HAL_TIM_MspPostInit  tim.o
    0x08001840   0x08001840   0x00000002   Code   RO         2213    i.HAL_TIM_OC_DelayElapsedCallback  stm32f1xx_hal_tim.o
    0x08001842   0x08001842   0x000000c6   Code   RO         2234    i.HAL_TIM_PWM_ConfigChannel  stm32f1xx_hal_tim.o
    0x08001908   0x08001908   0x0000005a   Code   RO         2237    i.HAL_TIM_PWM_Init  stm32f1xx_hal_tim.o
    0x08001962   0x08001962   0x00000002   Code   RO         2239    i.HAL_TIM_PWM_MspInit  stm32f1xx_hal_tim.o
    0x08001964   0x08001964   0x00000002   Code   RO         2240    i.HAL_TIM_PWM_PulseFinishedCallback  stm32f1xx_hal_tim.o
    0x08001966   0x08001966   0x00000002   PAD
    0x08001968   0x08001968   0x0000009c   Code   RO         2242    i.HAL_TIM_PWM_Start  stm32f1xx_hal_tim.o
    0x08001a04   0x08001a04   0x00000002   Code   RO         2248    i.HAL_TIM_PeriodElapsedCallback  stm32f1xx_hal_tim.o
    0x08001a06   0x08001a06   0x00000002   Code   RO         2253    i.HAL_TIM_TriggerCallback  stm32f1xx_hal_tim.o
    0x08001a08   0x08001a08   0x00000002   Code   RO          341    i.HardFault_Handler  stm32f1xx_it.o
    0x08001a0a   0x08001a0a   0x0000002e   Code   RO          534    i.I2C_IsAcknowledgeFailed  stm32f1xx_hal_i2c.o
    0x08001a38   0x08001a38   0x000000a8   Code   RO          545    i.I2C_RequestMemoryWrite  stm32f1xx_hal_i2c.o
    0x08001ae0   0x08001ae0   0x0000004c   Code   RO          549    i.I2C_WaitOnBTFFlagUntilTimeout  stm32f1xx_hal_i2c.o
    0x08001b2c   0x08001b2c   0x00000068   Code   RO          550    i.I2C_WaitOnFlagUntilTimeout  stm32f1xx_hal_i2c.o
    0x08001b94   0x08001b94   0x00000096   Code   RO          551    i.I2C_WaitOnMasterAddressFlagUntilTimeout  stm32f1xx_hal_i2c.o
    0x08001c2a   0x08001c2a   0x0000004c   Code   RO          553    i.I2C_WaitOnTXEFlagUntilTimeout  stm32f1xx_hal_i2c.o
    0x08001c76   0x08001c76   0x00000002   PAD
    0x08001c78   0x08001c78   0x000000a8   Code   RO          183    i.MX_GPIO_Init      gpio.o
    0x08001d20   0x08001d20   0x00000040   Code   RO          209    i.MX_I2C2_Init      i2c.o
    0x08001d60   0x08001d60   0x00000070   Code   RO          251    i.MX_RTC_Init       rtc.o
    0x08001dd0   0x08001dd0   0x00000098   Code   RO          294    i.MX_TIM2_Init      tim.o
    0x08001e68   0x08001e68   0x00000002   Code   RO          342    i.MemManage_Handler  stm32f1xx_it.o
    0x08001e6a   0x08001e6a   0x00000002   Code   RO          343    i.NMI_Handler       stm32f1xx_it.o
    0x08001e6c   0x08001e6c   0x00000006   Code   RO         3171    i.OLED_CLS          oled.o
    0x08001e72   0x08001e72   0x00000058   Code   RO         3173    i.OLED_DrawGIF      oled.o
    0x08001eca   0x08001eca   0x00000002   PAD
    0x08001ecc   0x08001ecc   0x00000038   Code   RO         3174    i.OLED_Fill         oled.o
    0x08001f04   0x08001f04   0x000000b4   Code   RO         3175    i.OLED_Init         oled.o
    0x08001fb8   0x08001fb8   0x00000026   Code   RO         3178    i.OLED_SetPos       oled.o
    0x08001fde   0x08001fde   0x00000002   PAD
    0x08001fe0   0x08001fe0   0x00000048   Code   RO         3179    i.OLED_ShowCN       oled.o
    0x08002028   0x08002028   0x0000002c   Code   RO         3180    i.OLED_ShowCN_STR   oled.o
    0x08002054   0x08002054   0x00000088   Code   RO         3181    i.OLED_ShowChar     oled.o
    0x080020dc   0x080020dc   0x0000006a   Code   RO         3182    i.OLED_ShowNum      oled.o
    0x08002146   0x08002146   0x00000002   PAD
    0x08002148   0x08002148   0x000000d8   Code   RO         3183    i.OLED_ShowStr      oled.o
    0x08002220   0x08002220   0x00000002   Code   RO          344    i.PendSV_Handler    stm32f1xx_it.o
    0x08002222   0x08002222   0x00000012   Code   RO         1905    i.RTC_Bcd2ToByte    stm32f1xx_hal_rtc.o
    0x08002234   0x08002234   0x00000034   Code   RO         1908    i.RTC_EnterInitMode  stm32f1xx_hal_rtc.o
    0x08002268   0x08002268   0x00000036   Code   RO         1909    i.RTC_ExitInitMode  stm32f1xx_hal_rtc.o
    0x0800229e   0x0800229e   0x0000000e   Code   RO         1910    i.RTC_ReadAlarmCounter  stm32f1xx_hal_rtc.o
    0x080022ac   0x080022ac   0x00000020   Code   RO         1911    i.RTC_ReadTimeCounter  stm32f1xx_hal_rtc.o
    0x080022cc   0x080022cc   0x00000056   Code   RO         1912    i.RTC_WeekDayNum    stm32f1xx_hal_rtc.o
    0x08002322   0x08002322   0x00000028   Code   RO         1913    i.RTC_WriteAlarmCounter  stm32f1xx_hal_rtc.o
    0x0800234a   0x0800234a   0x00000028   Code   RO         1914    i.RTC_WriteTimeCounter  stm32f1xx_hal_rtc.o
    0x08002372   0x08002372   0x00000002   Code   RO          345    i.SVC_Handler       stm32f1xx_it.o
    0x08002374   0x08002374   0x00000004   Code   RO          346    i.SysTick_Handler   stm32f1xx_it.o
    0x08002378   0x08002378   0x0000007a   Code   RO           15    i.SystemClock_Config  main.o
    0x080023f2   0x080023f2   0x00000002   Code   RO         3134    i.SystemInit        system_stm32f1xx.o
    0x080023f4   0x080023f4   0x0000000c   Code   RO          347    i.TIM2_IRQHandler   stm32f1xx_it.o
    0x08002400   0x08002400   0x0000006c   Code   RO         2255    i.TIM_Base_SetConfig  stm32f1xx_hal_tim.o
    0x0800246c   0x0800246c   0x0000001a   Code   RO         2256    i.TIM_CCxChannelCmd  stm32f1xx_hal_tim.o
    0x08002486   0x08002486   0x00000014   Code   RO         2266    i.TIM_ETR_SetConfig  stm32f1xx_hal_tim.o
    0x0800249a   0x0800249a   0x00000010   Code   RO         2267    i.TIM_ITRx_SetConfig  stm32f1xx_hal_tim.o
    0x080024aa   0x080024aa   0x00000002   PAD
    0x080024ac   0x080024ac   0x00000050   Code   RO         2268    i.TIM_OC1_SetConfig  stm32f1xx_hal_tim.o
    0x080024fc   0x080024fc   0x00000058   Code   RO         2269    i.TIM_OC2_SetConfig  stm32f1xx_hal_tim.o
    0x08002554   0x08002554   0x00000058   Code   RO         2270    i.TIM_OC3_SetConfig  stm32f1xx_hal_tim.o
    0x080025ac   0x080025ac   0x00000044   Code   RO         2271    i.TIM_OC4_SetConfig  stm32f1xx_hal_tim.o
    0x080025f0   0x080025f0   0x00000022   Code   RO         2273    i.TIM_TI1_ConfigInputStage  stm32f1xx_hal_tim.o
    0x08002612   0x08002612   0x00000024   Code   RO         2275    i.TIM_TI2_ConfigInputStage  stm32f1xx_hal_tim.o
    0x08002636   0x08002636   0x00000002   PAD
    0x08002638   0x08002638   0x0000003c   Code   RO         3300    i.Tims_delay_us     dht11.o
    0x08002674   0x08002674   0x00000002   Code   RO          348    i.UsageFault_Handler  stm32f1xx_it.o
    0x08002676   0x08002676   0x00000002   PAD
    0x08002678   0x08002678   0x00000024   Code   RO         3184    i.WriteCmd          oled.o
    0x0800269c   0x0800269c   0x00000024   Code   RO         3185    i.WriteDat          oled.o
    0x080026c0   0x080026c0   0x00000020   Code   RO         1401    i.__NVIC_SetPriority  stm32f1xx_hal_cortex.o
    0x080026e0   0x080026e0   0x00000088   Code   RO           16    i.main              main.o
    0x08002768   0x08002768   0x00000010   Code   RO         3186    i.oled_pow          oled.o
    0x08002778   0x08002778   0x00000010   Data   RO         3135    .constdata          system_stm32f1xx.o
    0x08002788   0x08002788   0x00000008   Data   RO         3136    .constdata          system_stm32f1xx.o
    0x08002790   0x08002790   0x00000818   Data   RO         3187    .constdata          oled.o
    0x08002fa8   0x08002fa8   0x00000020   Data   RO         3524    Region$$Table       anon$$obj.o


    Execution Region RW_IRAM1 (Exec base: 0x20000000, Load base: 0x08002fc8, Size: 0x00000ab0, Max: 0x00005000, ABSOLUTE, COMPRESSED[0x00000118])

    Exec Addr    Load Addr    Size         Type   Attr      Idx    E Section Name        Object

    0x20000000   COMPRESSED   0x000002eb   Data   RW           19    .data               main.o
    0x200002eb   COMPRESSED   0x00000001   PAD
    0x200002ec   COMPRESSED   0x0000000c   Data   RW          938    .data               stm32f1xx_hal.o
    0x200002f8   COMPRESSED   0x00000004   Data   RW         3137    .data               system_stm32f1xx.o
    0x200002fc   COMPRESSED   0x000000a0   Data   RW         3188    .data               oled.o
    0x2000039c        -       0x00000054   Zero   RW          210    .bss                i2c.o
    0x200003f0        -       0x00000014   Zero   RW          252    .bss                rtc.o
    0x20000404        -       0x00000048   Zero   RW          295    .bss                tim.o
    0x2000044c        -       0x00000060   Zero   RW         3398    .bss                c_w.l(libspace.o)
    0x200004ac   COMPRESSED   0x00000004   PAD
    0x200004b0        -       0x00000200   Zero   RW            2    HEAP                startup_stm32f103xb.o
    0x200006b0        -       0x00000400   Zero   RW            1    STACK               startup_stm32f103xb.o


==============================================================================

Image component sizes


      Code (inc. data)   RO Data    RW Data    ZI Data      Debug   Object Name

       592         52          0          0          0       4913   dht11.o
       168         12          0          0          0        955   gpio.o
       160         28          0          0         84       1601   i2c.o
       262         22          0        747          0     432566   main.o
      1030         36       2072        160          0       9893   oled.o
       164         22          0          0         20       1559   rtc.o
        64         26        236          0       1536        804   startup_stm32f103xb.o
       164         28          0         12          0       5857   stm32f1xx_hal.o
       198         14          0          0          0      28899   stm32f1xx_hal_cortex.o
       500         34          0          0          0       3487   stm32f1xx_hal_gpio.o
      1316         32          0          0          0       9131   stm32f1xx_hal_i2c.o
        60          8          0          0          0        858   stm32f1xx_hal_msp.o
        12          4          0          0          0        507   stm32f1xx_hal_pwr.o
      1272        100          0          0          0       5156   stm32f1xx_hal_rcc.o
       436         46          0          0          0       2513   stm32f1xx_hal_rcc_ex.o
       922         14          0          0          0       9296   stm32f1xx_hal_rtc.o
      1682         46          0          0          0      15574   stm32f1xx_hal_tim.o
       108         12          0          0          0       2345   stm32f1xx_hal_tim_ex.o
        32          6          0          0          0       4244   stm32f1xx_it.o
         2          0         24          4          0       1095   system_stm32f1xx.o
       280         22          0          0         72       2300   tim.o

    ----------------------------------------------------------------------
      9450        564       2364        924       1712     543553   Object Totals
         0          0         32          0          0          0   (incl. Generated)
        26          0          0          1          0          0   (incl. Padding)

    ----------------------------------------------------------------------

      Code (inc. data)   RO Data    RW Data    ZI Data      Debug   Library Member Name

        90          0          0          0          0          0   __dczerorl2.o
         8          0          0          0          0         68   __main.o
         0          0          0          0          0          0   __rtentry.o
        12          0          0          0          0          0   __rtentry2.o
         6          0          0          0          0          0   __rtentry4.o
        52          8          0          0          0          0   __scatter.o
        28          0          0          0          0          0   __scatter_zi.o
        18          0          0          0          0         80   exit.o
         6          0          0          0          0        152   heapauxi.o
         0          0          0          0          0          0   indicate_semi.o
         2          0          0          0          0          0   libinit.o
         2          0          0          0          0          0   libinit2.o
         2          0          0          0          0          0   libshutdown.o
         2          0          0          0          0          0   libshutdown2.o
         8          4          0          0         96         68   libspace.o
        78          0          0          0          0         80   rt_memclr_w.o
         2          0          0          0          0          0   rtexit.o
        10          0          0          0          0          0   rtexit2.o
        12          4          0          0          0         68   sys_exit.o
        74          0          0          0          0         80   sys_stackheap_outer.o
         2          0          0          0          0         68   use_no_semi.o

    ----------------------------------------------------------------------
       418         16          0          0        100        664   Library Totals
         4          0          0          0          4          0   (incl. Padding)

    ----------------------------------------------------------------------

      Code (inc. data)   RO Data    RW Data    ZI Data      Debug   Library Name

       414         16          0          0         96        664   c_w.l

    ----------------------------------------------------------------------
       418         16          0          0        100        664   Library Totals

    ----------------------------------------------------------------------

==============================================================================


      Code (inc. data)   RO Data    RW Data    ZI Data      Debug   

      9868        580       2364        924       1812     538545   Grand Totals
      9868        580       2364        280       1812     538545   ELF Image Totals (compressed)
      9868        580       2364        280          0          0   ROM Totals

==============================================================================

    Total RO  Size (Code + RO Data)                12232 (  11.95kB)
    Total RW  Size (RW Data + ZI Data)              2736 (   2.67kB)
    Total ROM Size (Code + RO Data + RW Data)      12512 (  12.22kB)

==============================================================================

